Microchip MPLAB XC8 Compiler V1.37 ()

Linker command line:

-W-3 --edf=/home/bruno/Programs/microchip/xc8/v1.37/dat/en_msgs.txt -cs \
  -h+dist/default/production/NojentOS.X.production.sym \
  --cmf=dist/default/production/NojentOS.X.production.cmf -z -Q18F4520 \
  -o/tmp/xcXGXLVm9 -Mdist/default/production/NojentOS.X.production.map -E1 \
  -ver=XC8 -ASTACK=0509h-05ffh -pstack=STACK -ACODE=00h-07FFFh \
  -ACONST=00h-07FFFh -ASMALLCONST=0600h-06FFhx122 \
  -AMEDIUMCONST=0600h-07FFFh -ACOMRAM=01h-07Fh -AABS1=00h-05FFh \
  -ABIGRAM=01h-05FFh -ARAM=080h-0FFh,0100h-01FFhx5 -ABANK0=080h-0FFh \
  -ABANK1=0100h-01FFh -ABANK2=0200h-02FFh -ABANK3=0300h-03FFh \
  -ABANK4=0400h-04FFh -ABANK5=0500h-05FFh -ASFR=0F80h-0FFFh \
  -preset_vec=00h,intcode=08h,intcodelo,powerup,init,end_init \
  -pramtop=0600h -psmallconst=SMALLCONST -pmediumconst=MEDIUMCONST \
  -pconst=CONST -AFARRAM=00h-00h -ACONFIG=0300000h-030000Dh -pconfig=CONFIG \
  -AIDLOC=0200000h-0200007h -pidloc=IDLOC -AEEDATA=0F00000h-0F000FFh \
  -peeprom_data=EEDATA \
  -prdata=COMRAM,nvrram=COMRAM,nvbit=COMRAM,rbss=COMRAM,rbit=COMRAM \
  -pfarbss=FARRAM,fardata=FARRAM,nvFARRAM=FARRAM \
  -pintsave_regs=BIGRAM,bigbss=BIGRAM,bigdata=BIGRAM -pbss=RAM \
  -pidata=CODE,irdata=CODE,ibigdata=CODE,ifardata=CODE -prparam=COMRAM \
  /tmp/xcX21oM0r.obj dist/default/production/NojentOS.X.production.obj 

Object code version is 3.11

Machine type is 18F4520

Call graph: (short form)




                Name                               Link     Load   Length Selector   Space Scale
/tmp/xcX21oM0r.obj
                end_init                             16       16        4        4       0
                reset_vec                             0        0        4        0       0
                idloc                            200000   200000        8   200000       0
                config                           300000   300000        E   300000       0
dist/default/production/NojentOS.X.production.obj
                intcode                               8        8        E        4       0
                temp                                 3D       3D        1        1       1
                text40                             1090     1090       26        4       0
                text39                              AEE      AEE       9A        4       0
                text38                             11A8     11A8       12        4       0
                text37                             1196     1196       12        4       0
                text36                              EC6      EC6       46        4       0
                text35                             11D4     11D4        C        4       0
                text34                             10DA     10DA       24        4       0
                intcode_body                         1A       1A      244        4       0
                text32                             11EC     11EC        2        4       0
                text31                             11E8     11E8        4        4       0
                text30                              E6A      E6A       5C        4       0
                text29                             1120     1120       1E        4       0
                text28                             10FE     10FE       22        4       0
                text27                              728      728       D6        4       0
                text26                              FCA      FCA       38        4       0
                text25                              A3E      A3E       B0        4       0
                text24                             1182     1182       14        4       0
                text23                              C20      C20       84        4       0
                text22                              D9E      D9E       6A        4       0
                text21                              E08      E08       62        4       0
                text20                              650      650       D8        4       0
                text19                              25E      25E      220        4       0
                text18                              B88      B88       98        4       0
                text17                             106A     106A       26        4       0
                text16                             1002     1002       36        4       0
                text15                              7FE      7FE       C6        4       0
                text14                             116E     116E       14        4       0
                text13                              47E      47E      1D2        4       0
                text12                              988      988       B6        4       0
                text11                              F90      F90       3A        4       0
                text10                              CA4      CA4       82        4       0
                text9                               F0C      F0C       44        4       0
                text8                              11BA     11BA        E        4       0
                text7                              11C8     11C8        C        4       0
                text6                              1038     1038       32        4       0
                text5                              113E     113E       1C        4       0
                text4                              11E0     11E0        8        4       0
                text3                              10B6     10B6       24        4       0
                text2                              115A     115A       14        4       0
                text1                               8C4      8C4       C4        4       0
                text0                               D26      D26       78        4       0
                cstackCOMRAM                          1        1       37        1       1
                cstackBANK0                          80       80       4E       80       1
                cstackBANK2                         200      200       83      200       1
                cstackBANK3                         300      300        9      300       1
                bssBIGRAM                           309      309      200      309       1
                bssBANK1                            100      100       A9      100       1
                bssBANK0                             CE       CE        A       80       1
                bssCOMRAM                            38       38        3        1       1
                cinit                               F50      F50       40        4       0
                nvBANK1                             1A9      1A9        2      100       1
                nvCOMRAM                             3B       3B        2        1       1

TOTAL           Name                               Link     Load   Length     Space
        CLASS   STACK          

        CLASS   CODE           
                end_init                             16       16        4         0
                intcode                               8        8        E         0
                reset_vec                             0        0        4         0
                text40                             1090     1090       26         0
                text39                              AEE      AEE       9A         0
                text38                             11A8     11A8       12         0
                text37                             1196     1196       12         0
                text36                              EC6      EC6       46         0
                text35                             11D4     11D4        C         0
                text34                             10DA     10DA       24         0
                intcode_body                         1A       1A      244         0
                text32                             11EC     11EC        2         0
                text31                             11E8     11E8        4         0
                text30                              E6A      E6A       5C         0
                text29                             1120     1120       1E         0
                text28                             10FE     10FE       22         0
                text27                              728      728       D6         0
                text26                              FCA      FCA       38         0
                text25                              A3E      A3E       B0         0
                text24                             1182     1182       14         0
                text23                              C20      C20       84         0
                text22                              D9E      D9E       6A         0
                text21                              E08      E08       62         0
                text20                              650      650       D8         0
                text19                              25E      25E      220         0
                text18                              B88      B88       98         0
                text17                             106A     106A       26         0
                text16                             1002     1002       36         0
                text15                              7FE      7FE       C6         0
                text14                             116E     116E       14         0
                text13                              47E      47E      1D2         0
                text12                              988      988       B6         0
                text11                              F90      F90       3A         0
                text10                              CA4      CA4       82         0
                text9                               F0C      F0C       44         0
                text8                              11BA     11BA        E         0
                text7                              11C8     11C8        C         0
                text6                              1038     1038       32         0
                text5                              113E     113E       1C         0
                text4                              11E0     11E0        8         0
                text3                              10B6     10B6       24         0
                text2                              115A     115A       14         0
                text1                               8C4      8C4       C4         0
                text0                               D26      D26       78         0
                cinit                               F50      F50       40         0

        CLASS   CONST          

        CLASS   SMALLCONST     

        CLASS   MEDIUMCONST    

        CLASS   COMRAM         
                temp                                 3D       3D        1         1
                cstackCOMRAM                          1        1       37         1
                bssCOMRAM                            38       38        3         1
                nvCOMRAM                             3B       3B        2         1

        CLASS   ABS1           

        CLASS   BIGRAM         
                bssBIGRAM                           309      309      200         1

        CLASS   RAM            

        CLASS   BANK0          
                cstackBANK0                          80       80       4E         1
                bssBANK0                             CE       CE        A         1

        CLASS   BANK1          
                bssBANK1                            100      100       A9         1
                nvBANK1                             1A9      1A9        2         1

        CLASS   BANK2          
                cstackBANK2                         200      200       83         1

        CLASS   BANK3          
                cstackBANK3                         300      300        9         1

        CLASS   BANK4          

        CLASS   BANK5          

        CLASS   SFR            

        CLASS   FARRAM         

        CLASS   CONFIG         
                config                           300000   300000        E         0

        CLASS   IDLOC          
                idloc                            200000   200000        8         0

        CLASS   EEDATA         



SEGMENTS        Name                           Load    Length   Top    Selector   Space  Class

                reset_vec                      000000  000004  000004         0       0  CODE    
                cstackCOMRAM                   000001  00003D  00003E         1       1  COMRAM  
                intcode                        000008  0011E6  0011EE         4       0  CODE    
                cstackBANK0                    000080  000058  0000D8        80       1  BANK0   
                bssBANK1                       000100  0000AB  0001AB       100       1  BANK1   
                cstackBANK2                    000200  000083  000283       200       1  BANK2   
                cstackBANK3                    000300  000009  000309       300       1  BANK3   
                bssBIGRAM                      000309  000200  000509       309       1  BIGRAM  
                idloc                          200000  000008  200008    200000       0  IDLOC   
                config                         300000  00000E  30000E    300000       0  CONFIG  


UNUSED ADDRESS RANGES

        Name                Unused          Largest block    Delta
        BANK0            0000D8-0000FF               28
        BANK1            0001AB-0001FF               55
        BANK2            000283-0002FF               7D
        BANK5            000509-0005FF               F7
        BIGRAM           00003E-00007F               42
                         0000D8-0000FF               28
                         0001AB-0001FF               55
                         000283-0002FF               7D
                         000509-0005FF               F7
        CODE             000004-000007                4
                         0011EE-007FFF             6E12
        COMRAM           00003E-00007F               42
        CONST            000004-000007                4
                         0011EE-007FFF             6E12
        EEDATA           F00000-F000FF              100
        MEDIUMCONST      0011EE-007FFF             6E12
        RAM              0000D8-0000FF               28
                         0001AB-0001FF               55
                         000283-0002FF               7D
                         000509-0005FF               F7
        SFR              000F80-000FFF               80
        SMALLCONST       0011EE-007FFF              100
        STACK            000509-0005FF               F7

                                  Symbol Table

?___wmul                                  cstackBANK2  00024F
?__find_free_block                        cstackBANK0  0000A8
?_dispatcher_add_task                     cstackBANK2  00027D
?_linked_list_get_first                   cstackBANK2  00024F
?_malloc                                  cstackBANK0  0000B2
?_scheduler_priority                      cstackBANK2  000255
?i2___wmul                                cstackCOMRAM 000001
?i2_scheduler_priority                    cstackCOMRAM 000007
_BSR                                      (abs)        000FE0
_INTCON2bits                              (abs)        000FF1
_INTCONbits                               (abs)        000FF2
_LATDbits                                 (abs)        000F8C
_OSCCONbits                               (abs)        000FD3
_OSCTUNEbits                              (abs)        000F9B
_PORTDbits                                (abs)        000F83
_STATUS                                   (abs)        000FD8
_STKPTR                                   (abs)        000FFC
_T0CONbits                                (abs)        000FD5
_TMR0                                     (abs)        000FD6
_TOS                                      (abs)        000FFD
_TOSH                                     (abs)        000FFE
_TOSL                                     (abs)        000FFD
_TOSU                                     (abs)        000FFF
_TRISDbits                                (abs)        000F95
_WREG                                     (abs)        000FE8
__BSR                                     bssCOMRAM    000038
__CFG_OSC$INTIO7                          (abs)        000000
__CFG_PBADEN$OFF                          (abs)        000000
__CFG_WDT$OFF                             (abs)        000000
__HRAM                                    (abs)        000000
__Habs1                                   abs1         000000
__Hbank0                                  bank0        000000
__Hbank1                                  bank1        000000
__Hbank2                                  bank2        000000
__Hbank3                                  bank3        000000
__Hbank4                                  bank4        000000
__Hbank5                                  bank5        000000
__Hbigbss                                 bigbss       000000
__Hbigdata                                bigdata      000000
__Hbigram                                 bigram       000000
__Hbss                                    bss          000000
__HbssBANK0                               bssBANK0     000000
__HbssBANK1                               bssBANK1     000000
__HbssBIGRAM                              bssBIGRAM    000000
__HbssCOMRAM                              bssCOMRAM    000000
__Hcinit                                  cinit        000000
__Hclrtext                                clrtext      000000
__Hcomram                                 comram       000000
__Hconfig                                 config       30000E
__Hconst                                  const        000000
__HcstackBANK0                            cstackBANK0  000000
__HcstackBANK2                            cstackBANK2  000000
__HcstackBANK3                            cstackBANK3  000000
__HcstackCOMRAM                           cstackCOMRAM 000000
__Hdata                                   data         000000
__Heeprom_data                            eeprom_data  000000
__Hend_init                               end_init     00001A
__Hfarbss                                 farbss       000000
__Hfardata                                fardata      000000
__Hibigdata                               ibigdata     000000
__Hidata                                  idata        000000
__Hidloc                                  idloc        200008
__Hifardata                               ifardata     000000
__Hinit                                   init         000016
__Hintcode                                intcode      000016
__Hintcode_body                           intcode_body 000000
__Hintcodelo                              intcodelo    000016
__Hintentry                               intentry     000000
__Hintret                                 intret       000000
__Hintsave_regs                           intsave_regs 000000
__Hirdata                                 irdata       000000
__Hmediumconst                            mediumconst  000000
__HnvBANK1                                nvBANK1      000000
__HnvCOMRAM                               nvCOMRAM     000000
__HnvFARRAM                               nvFARRAM     000000
__Hnvbit                                  nvbit        000000
__Hnvrram                                 nvrram       000000
__Hparam                                  rparam       000000
__Hpowerup                                powerup      000016
__Hram                                    ram          000000
__Hramtop                                 ramtop       000600
__Hrbit                                   rbit         000000
__Hrbss                                   rbss         000000
__Hrdata                                  rdata        000000
__Hreset_vec                              reset_vec    000004
__Hrparam                                 rparam       000000
__Hsfr                                    sfr          000000
__Hsmallconst                             smallconst   000000
__Hspace_0                                (abs)        30000E
__Hspace_1                                (abs)        000509
__Hspace_2                                (abs)        000000
__Hstack                                  stack        000000
__Hstruct                                 struct       000000
__Htemp                                   temp         00003E
__Htext                                   text         000000
__Htext0                                  text0        000000
__Htext1                                  text1        000000
__Htext10                                 text10       000000
__Htext11                                 text11       000000
__Htext12                                 text12       000000
__Htext13                                 text13       000000
__Htext14                                 text14       000000
__Htext15                                 text15       000000
__Htext16                                 text16       000000
__Htext17                                 text17       000000
__Htext18                                 text18       000000
__Htext19                                 text19       000000
__Htext2                                  text2        000000
__Htext20                                 text20       000000
__Htext21                                 text21       000000
__Htext22                                 text22       000000
__Htext23                                 text23       000000
__Htext24                                 text24       000000
__Htext25                                 text25       000000
__Htext26                                 text26       000000
__Htext27                                 text27       000000
__Htext28                                 text28       000000
__Htext29                                 text29       000000
__Htext3                                  text3        000000
__Htext30                                 text30       000000
__Htext31                                 text31       000000
__Htext32                                 text32       000000
__Htext34                                 text34       000000
__Htext35                                 text35       000000
__Htext36                                 text36       000000
__Htext37                                 text37       000000
__Htext38                                 text38       000000
__Htext39                                 text39       000000
__Htext4                                  text4        000000
__Htext40                                 text40       000000
__Htext41                                 text41       000000
__Htext5                                  text5        000000
__Htext6                                  text6        000000
__Htext7                                  text7        000000
__Htext8                                  text8        000000
__Htext9                                  text9        000000
__LRAM                                    (abs)        000001
__Labs1                                   abs1         000000
__Lbank0                                  bank0        000000
__Lbank1                                  bank1        000000
__Lbank2                                  bank2        000000
__Lbank3                                  bank3        000000
__Lbank4                                  bank4        000000
__Lbank5                                  bank5        000000
__Lbigbss                                 bigbss       000000
__Lbigdata                                bigdata      000000
__Lbigram                                 bigram       000000
__Lbss                                    bss          000000
__LbssBANK0                               bssBANK0     000000
__LbssBANK1                               bssBANK1     000000
__LbssBIGRAM                              bssBIGRAM    000000
__LbssCOMRAM                              bssCOMRAM    000000
__Lcinit                                  cinit        000000
__Lclrtext                                clrtext      000000
__Lcomram                                 comram       000000
__Lconfig                                 config       300000
__Lconst                                  const        000000
__LcstackBANK0                            cstackBANK0  000000
__LcstackBANK2                            cstackBANK2  000000
__LcstackBANK3                            cstackBANK3  000000
__LcstackCOMRAM                           cstackCOMRAM 000000
__Ldata                                   data         000000
__Leeprom_data                            eeprom_data  000000
__Lend_init                               end_init     000016
__Lfarbss                                 farbss       000000
__Lfardata                                fardata      000000
__Libigdata                               ibigdata     000000
__Lidata                                  idata        000000
__Lidloc                                  idloc        200000
__Lifardata                               ifardata     000000
__Linit                                   init         000016
__Lintcode                                intcode      000008
__Lintcode_body                           intcode_body 000000
__Lintcodelo                              intcodelo    000016
__Lintentry                               intentry     000000
__Lintret                                 intret       000000
__Lintsave_regs                           intsave_regs 000000
__Lirdata                                 irdata       000000
__Lmediumconst                            mediumconst  000000
__LnvBANK1                                nvBANK1      000000
__LnvCOMRAM                               nvCOMRAM     000000
__LnvFARRAM                               nvFARRAM     000000
__Lnvbit                                  nvbit        000000
__Lnvrram                                 nvrram       000000
__Lparam                                  rparam       000000
__Lpowerup                                powerup      000016
__Lram                                    ram          000000
__Lramtop                                 ramtop       000600
__Lrbit                                   rbit         000000
__Lrbss                                   rbss         000000
__Lrdata                                  rdata        000000
__Lreset_vec                              reset_vec    000000
__Lrparam                                 rparam       000000
__Lsfr                                    sfr          000000
__Lsmallconst                             smallconst   000000
__Lspace_0                                (abs)        000000
__Lspace_1                                (abs)        000000
__Lspace_2                                (abs)        000000
__Lstack                                  stack        000000
__Lstruct                                 struct       000000
__Ltemp                                   temp         00003D
__Ltext                                   text         000000
__Ltext0                                  text0        000000
__Ltext1                                  text1        000000
__Ltext10                                 text10       000000
__Ltext11                                 text11       000000
__Ltext12                                 text12       000000
__Ltext13                                 text13       000000
__Ltext14                                 text14       000000
__Ltext15                                 text15       000000
__Ltext16                                 text16       000000
__Ltext17                                 text17       000000
__Ltext18                                 text18       000000
__Ltext19                                 text19       000000
__Ltext2                                  text2        000000
__Ltext20                                 text20       000000
__Ltext21                                 text21       000000
__Ltext22                                 text22       000000
__Ltext23                                 text23       000000
__Ltext24                                 text24       000000
__Ltext25                                 text25       000000
__Ltext26                                 text26       000000
__Ltext27                                 text27       000000
__Ltext28                                 text28       000000
__Ltext29                                 text29       000000
__Ltext3                                  text3        000000
__Ltext30                                 text30       000000
__Ltext31                                 text31       000000
__Ltext32                                 text32       000000
__Ltext34                                 text34       000000
__Ltext35                                 text35       000000
__Ltext36                                 text36       000000
__Ltext37                                 text37       000000
__Ltext38                                 text38       000000
__Ltext39                                 text39       000000
__Ltext4                                  text4        000000
__Ltext40                                 text40       000000
__Ltext41                                 text41       000000
__Ltext5                                  text5        000000
__Ltext6                                  text6        000000
__Ltext7                                  text7        000000
__Ltext8                                  text8        000000
__Ltext9                                  text9        000000
__S0                                      (abs)        30000E
__S1                                      (abs)        000509
__S2                                      (abs)        000000
__STATUS                                  bssCOMRAM    000039
__WREG                                    bssCOMRAM    00003A
___inthi_sp                               stack        000000
___intlo_sp                               stack        000000
___param_bank                             (abs)        000010
___rparam_used                            (abs)        000001
___sp                                     stack        000000
___wmul                                   text16       001002
___wmul@multiplicand                      cstackBANK2  000251
___wmul@multiplier                        cstackBANK2  00024F
___wmul@product                           cstackBANK2  000253
__accesstop                               (abs)        000080
__activetblptr                            (abs)        000002
__end_of___wmul                           text16       001038
__end_of__find_free_block                 text21       000E6A
__end_of__initialization                  cinit        000F82
__end_of__merge_free_blocks               text27       0007FE
__end_of__split_free_block                text20       000728
__end_of_dispatcher_add_task              text3        0010DA
__end_of_dispatcher_change_context        text13       000650
__end_of_dispatcher_change_context_isr    text36       000F0C
__end_of_dispatcher_init                  text9        000F50
__end_of_dispatcher_start                 text5        00115A
__end_of_free                             text26       001002
__end_of_global_isr                       intcode_body 00025E
__end_of_linked_list_create               text18       000C20
__end_of_linked_list_get_first            text29       00113E
__end_of_linked_list_get_size             text28       001120
__end_of_linked_list_insert               text12       000A3E
__end_of_linked_list_remove_first         text25       000AEE
__end_of_main                             text0        000D9E
__end_of_malloc                           text19       00047E
__end_of_nojo_init                        text8        0011C8
__end_of_nojo_start                       text4        0011E8
__end_of_scheduler_priority               text15       0008C4
__end_of_semaphore_init                   text17       001090
__end_of_semaphore_signal                 text23       000CA4
__end_of_semaphore_wait                   text11       000FCA
__end_of_task_1_priority                  text10       000D26
__end_of_task_2_priority                  text22       000E08
__end_of_task_3_priority                  text30       000EC6
__end_of_task_block                       text32       0011EE
__end_of_task_create                      text1        000988
__end_of_task_idle_callback               text31       0011EC
__end_of_task_ready                       text2        00116E
__end_of_task_running                     text14       001182
__end_of_timer0_init                      text6        00106A
__end_of_timer0_isr                       text34       0010FE
__end_of_timer0_reset                     text7        0011D4
__end_ofi1_task_ready                     text24       001196
__end_ofi2___wmul                         text40       0010B6
__end_ofi2_scheduler_priority             text39       000B88
__end_ofi2_task_ready                     text38       0011BA
__end_ofi2_task_running                   text37       0011A8
__end_ofi2_timer0_reset                   text35       0011E0
__find_free_block                         text21       000E08
__find_free_block@a_size                  cstackBANK0  0000A8
__find_free_block@l_current               cstackBANK0  0000AC
__initialization                          cinit        000F50
__mediumconst                             mediumconst  000000
__merge_free_blocks                       text27       000728
__merge_free_blocks@l_curr                cstackBANK2  000253
__merge_free_blocks@l_next                cstackBANK2  000251
__pbssBANK0                               bssBANK0     0000CE
__pbssBANK1                               bssBANK1     000100
__pbssBIGRAM                              bssBIGRAM    000309
__pbssCOMRAM                              bssCOMRAM    000038
__pcinit                                  cinit        000F50
__pcstackBANK0                            cstackBANK0  000080
__pcstackBANK2                            cstackBANK2  000200
__pcstackBANK3                            cstackBANK3  000300
__pcstackCOMRAM                           cstackCOMRAM 000001
__pintcode                                intcode      000008
__pintcode_body                           intcode_body 00001A
__pnvBANK1                                nvBANK1      0001A9
__pnvCOMRAM                               nvCOMRAM     00003B
__ptext0                                  text0        000D26
__ptext1                                  text1        0008C4
__ptext10                                 text10       000CA4
__ptext11                                 text11       000F90
__ptext12                                 text12       000988
__ptext13                                 text13       00047E
__ptext14                                 text14       00116E
__ptext15                                 text15       0007FE
__ptext16                                 text16       001002
__ptext17                                 text17       00106A
__ptext18                                 text18       000B88
__ptext19                                 text19       00025E
__ptext2                                  text2        00115A
__ptext20                                 text20       000650
__ptext21                                 text21       000E08
__ptext22                                 text22       000D9E
__ptext23                                 text23       000C20
__ptext24                                 text24       001182
__ptext25                                 text25       000A3E
__ptext26                                 text26       000FCA
__ptext27                                 text27       000728
__ptext28                                 text28       0010FE
__ptext29                                 text29       001120
__ptext3                                  text3        0010B6
__ptext30                                 text30       000E6A
__ptext31                                 text31       0011E8
__ptext32                                 text32       0011EC
__ptext34                                 text34       0010DA
__ptext35                                 text35       0011D4
__ptext36                                 text36       000EC6
__ptext37                                 text37       001196
__ptext38                                 text38       0011A8
__ptext39                                 text39       000AEE
__ptext4                                  text4        0011E0
__ptext40                                 text40       001090
__ptext41                                 text41       000000
__ptext5                                  text5        00113E
__ptext6                                  text6        001038
__ptext7                                  text7        0011C8
__ptext8                                  text8        0011BA
__ptext9                                  text9        000F0C
__ramtop                                  ramtop       000600
__size_of___wmul                          (abs)        000000
__size_of__find_free_block                (abs)        000000
__size_of__merge_free_blocks              (abs)        000000
__size_of__split_free_block               (abs)        000000
__size_of_dispatcher_add_task             (abs)        000000
__size_of_dispatcher_change_context       (abs)        000000
__size_of_dispatcher_change_context_isr   (abs)        000000
__size_of_dispatcher_init                 (abs)        000000
__size_of_dispatcher_start                (abs)        000000
__size_of_free                            (abs)        000000
__size_of_global_isr                      (abs)        000000
__size_of_linked_list_create              (abs)        000000
__size_of_linked_list_get_first           (abs)        000000
__size_of_linked_list_get_size            (abs)        000000
__size_of_linked_list_insert              (abs)        000000
__size_of_linked_list_remove_first        (abs)        000000
__size_of_main                            (abs)        000000
__size_of_malloc                          (abs)        000000
__size_of_nojo_init                       (abs)        000000
__size_of_nojo_start                      (abs)        000000
__size_of_scheduler_priority              (abs)        000000
__size_of_semaphore_init                  (abs)        000000
__size_of_semaphore_signal                (abs)        000000
__size_of_semaphore_wait                  (abs)        000000
__size_of_task_1_priority                 (abs)        000000
__size_of_task_2_priority                 (abs)        000000
__size_of_task_3_priority                 (abs)        000000
__size_of_task_block                      (abs)        000000
__size_of_task_create                     (abs)        000000
__size_of_task_idle_callback              (abs)        000000
__size_of_task_ready                      (abs)        000000
__size_of_task_running                    (abs)        000000
__size_of_timer0_init                     (abs)        000000
__size_of_timer0_isr                      (abs)        000000
__size_of_timer0_reset                    (abs)        000000
__size_ofi1_task_ready                    (abs)        000000
__size_ofi2___wmul                        (abs)        000000
__size_ofi2_scheduler_priority            (abs)        000000
__size_ofi2_task_ready                    (abs)        000000
__size_ofi2_task_running                  (abs)        000000
__size_ofi2_timer0_reset                  (abs)        000000
__smallconst                              smallconst   000000
__split_free_block                        text20       000650
__split_free_block@a_block                cstackBANK0  0000A8
__split_free_block@a_resize               cstackBANK0  0000AA
__split_free_block@l_new                  cstackBANK0  0000B0
__timer0_callback                         nvCOMRAM     00003B
__timer0_delay_us                         nvBANK1      0001A9
_dispatcher                               bssBANK1     000100
_dispatcher_add_task                      text3        0010B6
_dispatcher_change_context                text13       00047E
_dispatcher_change_context_isr            text36       000EC6
_dispatcher_init                          text9        000F0C
_dispatcher_start                         text5        00113E
_free                                     text26       000FCA
_g_sem_1                                  bssBANK0     0000D0
_g_sem_2                                  bssBANK0     0000D4
_global_isr                               intcode      000008
_idle                                     bssBANK1     000180
_linked_list_create                       text18       000B88
_linked_list_get_first                    text29       001120
_linked_list_get_size                     text28       0010FE
_linked_list_insert                       text12       000988
_linked_list_remove_first                 text25       000A3E
_main                                     text0        000D26
_malloc                                   text19       00025E
_nojo_init                                text8        0011BA
_nojo_start                               text4        0011E0
_s_blocks                                 bssBANK0     0000CE
_s_heap                                   bssBIGRAM    000309
_scheduler_priority                       text15       0007FE
_scheduler_priority$intlevel1             text15       000804
_semaphore_init                           text17       00106A
_semaphore_signal                         text23       000C20
_semaphore_wait                           text11       000F90
_task_1_priority                          text10       000CA4
_task_2_priority                          text22       000D9E
_task_3_priority                          text30       000E6A
_task_block                               text32       0011EC
_task_create                              text1        0008C4
_task_idle_callback                       text31       0011E8
_task_ready                               text2        00115A
_task_running                             text14       00116E
_timer0_init                              text6        001038
_timer0_isr                               text34       0010DA
_timer0_reset                             text7        0011C8
btemp                                     temp         00003D
dispatcher_add_task@task                  cstackBANK2  00027F
dispatcher_change_context@context         cstackBANK2  00026F
dispatcher_change_context@context_810     cstackBANK2  000271
dispatcher_change_context@i               cstackBANK2  000265
dispatcher_change_context@i_820           cstackBANK2  000266
dispatcher_change_context@next            cstackBANK2  000263
dispatcher_change_context@stack           cstackBANK2  00026B
dispatcher_change_context@stack_817       cstackBANK2  00026D
dispatcher_change_context@task            cstackBANK2  000267
dispatcher_change_context@task_798        cstackBANK2  000269
dispatcher_change_context@task_state      cstackBANK2  000262
dispatcher_change_context_isr@next        cstackCOMRAM 000013
end_of_initialization                     cinit        000F82
free@a_pointer                            cstackBANK2  000255
free@l_block                              cstackBANK2  000257
global_isr@i                              cstackCOMRAM 00002A
global_isr@i_609                          cstackCOMRAM 000031
global_isr@n_context                      cstackCOMRAM 000036
global_isr@n_stack                        cstackCOMRAM 000032
global_isr@n_task                         cstackCOMRAM 00002D
global_isr@p_context                      cstackCOMRAM 000034
global_isr@p_stack                        cstackCOMRAM 00002F
global_isr@p_task                         cstackCOMRAM 00002B
i1_task_ready                             text24       001182
i1task_ready@handle                       cstackBANK2  00024F
i2___wmul                                 text40       001090
i2___wmul@multiplicand                    cstackCOMRAM 000003
i2___wmul@multiplier                      cstackCOMRAM 000001
i2___wmul@product                         cstackCOMRAM 000005
i2_scheduler_priority                     text39       000AEE
i2_task_ready                             text38       0011A8
i2_task_running                           text37       001196
i2_timer0_reset                           text35       0011D4
i2scheduler_priority@current              cstackCOMRAM 000011
i2scheduler_priority@highest              cstackCOMRAM 00000D
i2scheduler_priority@i                    cstackCOMRAM 00000F
i2task_ready@handle                       cstackCOMRAM 000001
i2task_running@handle                     cstackCOMRAM 000001
int$flags                                 temp         00003D
int_func                                  intcode_body 00001A
intlevel0                                 text         000000
intlevel1                                 text         000000
intlevel2                                 text         000000
intlevel3                                 text         000000
linked_list_create@a_head                 cstackBANK0  000098
linked_list_create@l_head_data            cstackBANK0  00009C
linked_list_get_first@a_head              cstackBANK2  00024F
linked_list_get_size@a_head               cstackBANK2  00024F
linked_list_get_size@l_head_data          cstackBANK2  000251
linked_list_insert@a_data                 cstackBANK0  0000C2
linked_list_insert@a_head                 cstackBANK0  0000C0
linked_list_insert@l_head_data            cstackBANK0  0000C6
linked_list_insert@l_node                 cstackBANK0  0000C8
linked_list_remove_first@a_head           cstackBANK2  000259
linked_list_remove_first@l_head_data      cstackBANK2  000261
linked_list_remove_first@l_iter_delet     cstackBANK2  00025F
linked_list_remove_first@l_iter_new_first cstackBANK2  00025D
malloc@a_size                             cstackBANK0  0000B2
malloc@l_block                            cstackBANK0  0000BE
malloc@l_free                             cstackBANK0  0000BC
malloc@l_offset                           cstackBANK0  0000BA
malloc@l_previous                         cstackBANK0  0000B8
scheduler_priority@current                cstackBANK2  00025F
scheduler_priority@highest                cstackBANK2  00025B
scheduler_priority@i                      cstackBANK2  00025D
semaphore_init@handle                     cstackBANK0  00009E
semaphore_init@initial_value              cstackBANK0  0000A0
semaphore_signal@handle                   cstackBANK2  000273
semaphore_signal@l_task                   cstackBANK2  000276
semaphore_wait@handle                     cstackBANK0  0000CA
stackhi                                   (abs)        0005FF
stacklo                                   (abs)        000509
start                                     init         000016
start_initialization                      cinit        000F50
task_1_priority@i                         cstackBANK0  0000A6
task_2_priority@i                         cstackBANK2  00024D
task_3_priority@i                         cstackBANK2  000279
task_create@callback                      cstackBANK3  000304
task_create@handle                        cstackBANK2  000281
task_create@id                            cstackBANK3  000300
task_create@priority                      cstackBANK3  000302
task_ready@handle                         cstackBANK2  00027D
task_running@handle                       cstackBANK2  00024F
timer0_init@callback                      cstackBANK2  00027F
timer0_init@delay_us                      cstackBANK2  00027D


FUNCTION INFORMATION:

 *************** function _main *****************
 Defined at:
		line 80 in file "main.c"
 Parameters:    Size  Location     Type
		None
 Auto vars:     Size  Location     Type
		None
 Return value:  Size  Location     Type
                  1    wreg      void 
 Registers used:
		wreg, fsr2l, fsr2h, status,2, status,0, prodl, prodh, cstack
 Tracked objects:
		On entry : 
		On exit  : 
		Unchanged: 
 Data sizes:     COMRAM   BANK0   BANK1   BANK2   BANK3   BANK4   BANK5
      Params:         0       0       0       0       0       0       0
      Locals:         0       0       0       0       0       0       0
      Temps:          0       0       0       0       0       0       0
      Totals:         0       0       0       0       0       0       0
Total ram usage:        0 bytes
 Hardware stack levels required when called:   14
 This function calls:
		_nojo_init
		_nojo_start
		_task_create
 This function is called by:
		Startup code after reset
 This function uses a non-reentrant model


 *************** function _task_create *****************
 Defined at:
		line 5 in file "kernel/task.c"
 Parameters:    Size  Location     Type
  id              2    0[BANK3 ] unsigned int 
  priority        2    2[BANK3 ] unsigned int 
  callback        2    4[BANK3 ] PTR FTN()void 
		 -> task_3_priority(1), task_2_priority(1), task_1_priority(1), 
 Auto vars:     Size  Location     Type
  handle          2  129[BANK2 ] PTR struct task_s
		 -> dispatcher.tasks(123), dispatcher(128), 
 Return value:  Size  Location     Type
                  1    wreg      void 
 Registers used:
		wreg, fsr2l, fsr2h, status,2, status,0, prodl, prodh, cstack
 Tracked objects:
		On entry : 
		On exit  : 
		Unchanged: 
 Data sizes:     COMRAM   BANK0   BANK1   BANK2   BANK3   BANK4   BANK5
      Params:         0       0       0       0       6       0       0
      Locals:         0       0       0       2       0       0       0
      Temps:          0       0       0       0       3       0       0
      Totals:         0       0       0       2       9       0       0
Total ram usage:       11 bytes
 Hardware stack levels used:    1
 Hardware stack levels required when called:   11
 This function calls:
		_dispatcher_add_task
		_task_ready
 This function is called by:
		_main
 This function uses a non-reentrant model


 *************** function _task_ready *****************
 Defined at:
		line 24 in file "kernel/task.c"
 Parameters:    Size  Location     Type
  handle          2  125[BANK2 ] PTR struct task_s
		 -> s_heap(512), dispatcher.tasks(123), idle(41), dispatcher(128), 
		 -> NULL(0), 
 Auto vars:     Size  Location     Type
		None
 Return value:  Size  Location     Type
                  1    wreg      void 
 Registers used:
		wreg, fsr2l, fsr2h, status,2, status,0
 Tracked objects:
		On entry : 
		On exit  : 
		Unchanged: 
 Data sizes:     COMRAM   BANK0   BANK1   BANK2   BANK3   BANK4   BANK5
      Params:         0       0       0       2       0       0       0
      Locals:         0       0       0       0       0       0       0
      Temps:          0       0       0       0       0       0       0
      Totals:         0       0       0       2       0       0       0
Total ram usage:        2 bytes
 Hardware stack levels used:    1
 Hardware stack levels required when called:   10
 This function calls:
		Nothing
 This function is called by:
		_task_create
 This function uses a non-reentrant model


 *************** function _dispatcher_add_task *****************
 Defined at:
		line 43 in file "kernel/dispatcher.c"
 Parameters:    Size  Location     Type
		None
 Auto vars:     Size  Location     Type
  task            2  127[BANK2 ] PTR struct task_s
		 -> dispatcher.tasks(123), dispatcher(128), 
 Return value:  Size  Location     Type
                  2  125[BANK2 ] PTR struct task_s
 Registers used:
		wreg, status,2, status,0, prodl, prodh
 Tracked objects:
		On entry : 
		On exit  : 
		Unchanged: 
 Data sizes:     COMRAM   BANK0   BANK1   BANK2   BANK3   BANK4   BANK5
      Params:         0       0       0       2       0       0       0
      Locals:         0       0       0       2       0       0       0
      Temps:          0       0       0       0       0       0       0
      Totals:         0       0       0       4       0       0       0
Total ram usage:        4 bytes
 Hardware stack levels used:    1
 Hardware stack levels required when called:   10
 This function calls:
		Nothing
 This function is called by:
		_task_create
 This function uses a non-reentrant model


 *************** function _nojo_start *****************
 Defined at:
		line 23 in file "nojentOS.c"
 Parameters:    Size  Location     Type
		None
 Auto vars:     Size  Location     Type
		None
 Return value:  Size  Location     Type
                  1    wreg      void 
 Registers used:
		wreg, status,2, status,0, cstack
 Tracked objects:
		On entry : 
		On exit  : 
		Unchanged: 
 Data sizes:     COMRAM   BANK0   BANK1   BANK2   BANK3   BANK4   BANK5
      Params:         0       0       0       0       0       0       0
      Locals:         0       0       0       0       0       0       0
      Temps:          0       0       0       0       0       0       0
      Totals:         0       0       0       0       0       0       0
Total ram usage:        0 bytes
 Hardware stack levels used:    1
 Hardware stack levels required when called:   13
 This function calls:
		_dispatcher_start
 This function is called by:
		_main
 This function uses a non-reentrant model


 *************** function _dispatcher_start *****************
 Defined at:
		line 39 in file "kernel/dispatcher.c"
 Parameters:    Size  Location     Type
		None
 Auto vars:     Size  Location     Type
		None
 Return value:  Size  Location     Type
                  1    wreg      void 
 Registers used:
		wreg, status,2, status,0, cstack
 Tracked objects:
		On entry : 
		On exit  : 
		Unchanged: 
 Data sizes:     COMRAM   BANK0   BANK1   BANK2   BANK3   BANK4   BANK5
      Params:         0       0       0       0       0       0       0
      Locals:         0       0       0       0       0       0       0
      Temps:          0       0       0       0       0       0       0
      Totals:         0       0       0       0       0       0       0
Total ram usage:        0 bytes
 Hardware stack levels used:    1
 Hardware stack levels required when called:   12
 This function calls:
		_timer0_init
 This function is called by:
		_nojo_start
 This function uses a non-reentrant model


 *************** function _timer0_init *****************
 Defined at:
		line 15 in file "kernel/timers.c"
 Parameters:    Size  Location     Type
  delay_us        2  125[BANK2 ] unsigned int 
  callback        2  127[BANK2 ] PTR FTN()void 
		 -> dispatcher_change_context_isr(1), 
 Auto vars:     Size  Location     Type
		None
 Return value:  Size  Location     Type
                  1    wreg      void 
 Registers used:
		wreg, status,2, status,0, cstack
 Tracked objects:
		On entry : 
		On exit  : 
		Unchanged: 
 Data sizes:     COMRAM   BANK0   BANK1   BANK2   BANK3   BANK4   BANK5
      Params:         0       0       0       4       0       0       0
      Locals:         0       0       0       0       0       0       0
      Temps:          0       0       0       0       0       0       0
      Totals:         0       0       0       4       0       0       0
Total ram usage:        4 bytes
 Hardware stack levels used:    1
 Hardware stack levels required when called:   11
 This function calls:
		_timer0_reset
 This function is called by:
		_dispatcher_start
 This function uses a non-reentrant model


 *************** function _timer0_reset *****************
 Defined at:
		line 8 in file "kernel/timers.c"
 Parameters:    Size  Location     Type
		None
 Auto vars:     Size  Location     Type
		None
 Return value:  Size  Location     Type
                  1    wreg      void 
 Registers used:
		None
 Tracked objects:
		On entry : 
		On exit  : 
		Unchanged: 
 Data sizes:     COMRAM   BANK0   BANK1   BANK2   BANK3   BANK4   BANK5
      Params:         0       0       0       0       0       0       0
      Locals:         0       0       0       0       0       0       0
      Temps:          0       0       0       0       0       0       0
      Totals:         0       0       0       0       0       0       0
Total ram usage:        0 bytes
 Hardware stack levels used:    1
 Hardware stack levels required when called:   10
 This function calls:
		Nothing
 This function is called by:
		_timer0_init
 This function uses a non-reentrant model


 *************** function _nojo_init *****************
 Defined at:
		line 15 in file "nojentOS.c"
 Parameters:    Size  Location     Type
		None
 Auto vars:     Size  Location     Type
		None
 Return value:  Size  Location     Type
                  1    wreg      void 
 Registers used:
		wreg, status,2, status,0, cstack
 Tracked objects:
		On entry : 
		On exit  : 
		Unchanged: 
 Data sizes:     COMRAM   BANK0   BANK1   BANK2   BANK3   BANK4   BANK5
      Params:         0       0       0       0       0       0       0
      Locals:         0       0       0       0       0       0       0
      Temps:          0       0       0       0       0       0       0
      Totals:         0       0       0       0       0       0       0
Total ram usage:        0 bytes
 Hardware stack levels used:    1
 Hardware stack levels required when called:   11
 This function calls:
		_dispatcher_init
 This function is called by:
		_main
 This function uses a non-reentrant model


 *************** function _dispatcher_init *****************
 Defined at:
		line 18 in file "kernel/dispatcher.c"
 Parameters:    Size  Location     Type
		None
 Auto vars:     Size  Location     Type
		None
 Return value:  Size  Location     Type
                  1    wreg      void 
 Registers used:
		wreg, status,2, status,0
 Tracked objects:
		On entry : 
		On exit  : 
		Unchanged: 
 Data sizes:     COMRAM   BANK0   BANK1   BANK2   BANK3   BANK4   BANK5
      Params:         0       0       0       0       0       0       0
      Locals:         0       0       0       0       0       0       0
      Temps:          0       0       0       0       0       0       0
      Totals:         0       0       0       0       0       0       0
Total ram usage:        0 bytes
 Hardware stack levels used:    1
 Hardware stack levels required when called:   10
 This function calls:
		Nothing
 This function is called by:
		_nojo_init
 This function uses a non-reentrant model


 *************** function _task_1_priority *****************
 Defined at:
		line 45 in file "main.c"
 Parameters:    Size  Location     Type
		None
 Auto vars:     Size  Location     Type
  i               2   38[BANK0 ] unsigned int 
 Return value:  Size  Location     Type
                  1    wreg      void 
 Registers used:
		wreg, fsr1l, fsr1h, fsr2l, fsr2h, status,2, status,0, pclat, tosl, prodl, prodh, cstack
 Tracked objects:
		On entry : 
		On exit  : 
		Unchanged: 
 Data sizes:     COMRAM   BANK0   BANK1   BANK2   BANK3   BANK4   BANK5
      Params:         0       0       0       0       0       0       0
      Locals:         0       2       0       0       0       0       0
      Temps:          0       1       0       0       0       0       0
      Totals:         0       3       0       0       0       0       0
Total ram usage:        3 bytes
 Hardware stack levels used:    1
 Hardware stack levels required when called:    9
 This function calls:
		_semaphore_init
		_semaphore_wait
 This function is called by:
		_main
 This function uses a non-reentrant model


 *************** function _semaphore_wait *****************
 Defined at:
		line 10 in file "kernel/semaphore.c"
 Parameters:    Size  Location     Type
  handle          2   74[BANK0 ] PTR struct semaphore_s
		 -> g_sem_2(4), g_sem_1(4), 
 Auto vars:     Size  Location     Type
		None
 Return value:  Size  Location     Type
                  1    wreg      void 
 Registers used:
		wreg, fsr1l, fsr1h, fsr2l, fsr2h, status,2, status,0, pclat, tosl, prodl, prodh, cstack
 Tracked objects:
		On entry : 
		On exit  : 
		Unchanged: 
 Data sizes:     COMRAM   BANK0   BANK1   BANK2   BANK3   BANK4   BANK5
      Params:         0       2       0       0       0       0       0
      Locals:         0       0       0       0       0       0       0
      Temps:          0       1       0       0       0       0       0
      Totals:         0       3       0       0       0       0       0
Total ram usage:        3 bytes
 Hardware stack levels used:    1
 Hardware stack levels required when called:    8
 This function calls:
		_dispatcher_change_context
		_linked_list_insert
 This function is called by:
		_task_1_priority
		_task_2_priority
 This function uses a non-reentrant model


 *************** function _linked_list_insert *****************
 Defined at:
		line 28 in file "kernel/linked_list.c"
 Parameters:    Size  Location     Type
  a_head          2   64[BANK0 ] PTR struct linked_list_s
  a_data          2   66[BANK0 ] PTR void 
		 -> dispatcher.tasks(123), idle(41), dispatcher(128), 
 Auto vars:     Size  Location     Type
  l_node          2   72[BANK0 ] PTR struct linked_list_s
		 -> s_heap(512), NULL(0), 
  l_head_data     2   70[BANK0 ] PTR struct linked_list_h
		 -> s_heap(512), idle(41), dispatcher(128), NULL(0), 
 Return value:  Size  Location     Type
                  1    wreg      char 
 Registers used:
		wreg, fsr1l, fsr1h, fsr2l, fsr2h, status,2, status,0, cstack
 Tracked objects:
		On entry : 
		On exit  : 
		Unchanged: 
 Data sizes:     COMRAM   BANK0   BANK1   BANK2   BANK3   BANK4   BANK5
      Params:         0       4       0       0       0       0       0
      Locals:         0       4       0       0       0       0       0
      Temps:          0       2       0       0       0       0       0
      Totals:         0      10       0       0       0       0       0
Total ram usage:       10 bytes
 Hardware stack levels used:    1
 Hardware stack levels required when called:    7
 This function calls:
		_malloc
 This function is called by:
		_semaphore_wait
 This function uses a non-reentrant model


 *************** function _dispatcher_change_context *****************
 Defined at:
		line 63 in file "kernel/dispatcher.c"
 Parameters:    Size  Location     Type
  task_state      1    wreg     enum E3210
 Auto vars:     Size  Location     Type
  task_state      1   98[BANK2 ] enum E3210
  i               1  102[BANK2 ] unsigned char 
  i               1  101[BANK2 ] unsigned char 
  context         2  113[BANK2 ] PTR struct task_context_
		 -> dispatcher.context(34), idle.context(34), idle(41), dispatcher(128), 
  stack           2  109[BANK2 ] PTR struct task_context_
		 -> dispatcher.stack(31), idle.stack(31), dispatcher.context.stack(31), idle.context.stack(31), 
		 -> dispatcher_change_context@context_810(2), 
  task            2  105[BANK2 ] PTR struct task_s
		 -> dispatcher.tasks(123), idle(41), dispatcher(128), 
  context         2  111[BANK2 ] PTR struct task_context_
		 -> dispatcher.context(34), idle.context(34), idle(41), dispatcher(128), 
  stack           2  107[BANK2 ] PTR struct task_context_
		 -> dispatcher.stack(31), idle.stack(31), dispatcher.context.stack(31), idle.context.stack(31), 
		 -> dispatcher_change_context@context(2), 
  task            2  103[BANK2 ] PTR struct task_s
		 -> dispatcher.tasks(123), idle(41), dispatcher(128), 
  next            2   99[BANK2 ] PTR struct task_s
		 -> dispatcher.tasks(123), idle(41), dispatcher(128), 
 Return value:  Size  Location     Type
                  1    wreg      void 
 Registers used:
		wreg, fsr1l, fsr1h, fsr2l, fsr2h, status,2, status,0, pclat, tosl, prodl, prodh, cstack
 Tracked objects:
		On entry : 
		On exit  : 
		Unchanged: 
 Data sizes:     COMRAM   BANK0   BANK1   BANK2   BANK3   BANK4   BANK5
      Params:         0       0       0       0       0       0       0
      Locals:         0       0       0      17       0       0       0
      Temps:          0       0       0       1       0       0       0
      Totals:         0       0       0      18       0       0       0
Total ram usage:       18 bytes
 Hardware stack levels used:    1
 Hardware stack levels required when called:    7
 This function calls:
		_scheduler_priority
		_task_running
 This function is called by:
		_semaphore_wait
		_semaphore_signal
 This function uses a non-reentrant model


 *************** function _task_running *****************
 Defined at:
		line 28 in file "kernel/task.c"
 Parameters:    Size  Location     Type
  handle          2   79[BANK2 ] PTR struct task_s
		 -> dispatcher.tasks(123), idle(41), dispatcher(128), 
 Auto vars:     Size  Location     Type
		None
 Return value:  Size  Location     Type
                  1    wreg      void 
 Registers used:
		wreg, fsr2l, fsr2h, status,2, status,0
 Tracked objects:
		On entry : 
		On exit  : 
		Unchanged: 
 Data sizes:     COMRAM   BANK0   BANK1   BANK2   BANK3   BANK4   BANK5
      Params:         0       0       0       2       0       0       0
      Locals:         0       0       0       0       0       0       0
      Temps:          0       0       0       0       0       0       0
      Totals:         0       0       0       2       0       0       0
Total ram usage:        2 bytes
 Hardware stack levels used:    1
 Hardware stack levels required when called:    5
 This function calls:
		Nothing
 This function is called by:
		_dispatcher_change_context
 This function uses a non-reentrant model


 *************** function _scheduler_priority *****************
 Defined at:
		line 5 in file "kernel/scheduler.c"
 Parameters:    Size  Location     Type
		None
 Auto vars:     Size  Location     Type
  current         2   95[BANK2 ] PTR struct task_s
		 -> dispatcher.tasks(123), dispatcher(128), 
  i               2   93[BANK2 ] int 
  highest         2   91[BANK2 ] PTR struct task_s
		 -> dispatcher.tasks(123), idle(41), dispatcher(128), 
 Return value:  Size  Location     Type
                  2   85[BANK2 ] PTR struct task_s
 Registers used:
		wreg, fsr1l, fsr1h, fsr2l, fsr2h, status,2, status,0, prodl, prodh, cstack
 Tracked objects:
		On entry : 
		On exit  : 
		Unchanged: 
 Data sizes:     COMRAM   BANK0   BANK1   BANK2   BANK3   BANK4   BANK5
      Params:         0       0       0       2       0       0       0
      Locals:         0       0       0       6       0       0       0
      Temps:          0       0       0       4       0       0       0
      Totals:         0       0       0      12       0       0       0
Total ram usage:       12 bytes
 Hardware stack levels used:    1
 Hardware stack levels required when called:    6
 This function calls:
		___wmul
 This function is called by:
		_dispatcher_init
		_dispatcher_change_context_isr
		_dispatcher_change_context
 This function uses a non-reentrant model


 *************** function ___wmul *****************
 Defined at:
		line 15 in file "/home/bruno/Programs/microchip/xc8/v1.37/sources/common/Umul16.c"
 Parameters:    Size  Location     Type
  multiplier      2   79[BANK2 ] unsigned int 
  multiplicand    2   81[BANK2 ] unsigned int 
 Auto vars:     Size  Location     Type
  product         2   83[BANK2 ] unsigned int 
 Return value:  Size  Location     Type
                  2   79[BANK2 ] unsigned int 
 Registers used:
		wreg, status,2, status,0, prodl, prodh
 Tracked objects:
		On entry : 
		On exit  : 
		Unchanged: 
 Data sizes:     COMRAM   BANK0   BANK1   BANK2   BANK3   BANK4   BANK5
      Params:         0       0       0       4       0       0       0
      Locals:         0       0       0       2       0       0       0
      Temps:          0       0       0       0       0       0       0
      Totals:         0       0       0       6       0       0       0
Total ram usage:        6 bytes
 Hardware stack levels used:    1
 Hardware stack levels required when called:    5
 This function calls:
		Nothing
 This function is called by:
		_scheduler_priority
		_scheduler_round_robin
 This function uses a non-reentrant model


 *************** function _semaphore_init *****************
 Defined at:
		line 5 in file "kernel/semaphore.c"
 Parameters:    Size  Location     Type
  handle          2   30[BANK0 ] PTR struct semaphore_s
		 -> g_sem_2(4), g_sem_1(4), 
  initial_valu    1   32[BANK0 ] char 
 Auto vars:     Size  Location     Type
		None
 Return value:  Size  Location     Type
                  1    wreg      void 
 Registers used:
		wreg, fsr1l, fsr1h, fsr2l, fsr2h, status,2, status,0, cstack
 Tracked objects:
		On entry : 
		On exit  : 
		Unchanged: 
 Data sizes:     COMRAM   BANK0   BANK1   BANK2   BANK3   BANK4   BANK5
      Params:         0       3       0       0       0       0       0
      Locals:         0       0       0       0       0       0       0
      Temps:          0       0       0       0       0       0       0
      Totals:         0       3       0       0       0       0       0
Total ram usage:        3 bytes
 Hardware stack levels used:    1
 Hardware stack levels required when called:    8
 This function calls:
		_linked_list_create
 This function is called by:
		_task_1_priority
 This function uses a non-reentrant model


 *************** function _linked_list_create *****************
 Defined at:
		line 10 in file "kernel/linked_list.c"
 Parameters:    Size  Location     Type
  a_head          2   24[BANK0 ] PTR PTR struct linked_li
		 -> g_sem_2(4), g_sem_1(4), 
 Auto vars:     Size  Location     Type
  l_head_data     2   28[BANK0 ] PTR struct linked_list_h
		 -> s_heap(512), NULL(0), 
 Return value:  Size  Location     Type
                  1    wreg      char 
 Registers used:
		wreg, fsr1l, fsr1h, fsr2l, fsr2h, status,2, status,0, cstack
 Tracked objects:
		On entry : 
		On exit  : 
		Unchanged: 
 Data sizes:     COMRAM   BANK0   BANK1   BANK2   BANK3   BANK4   BANK5
      Params:         0       2       0       0       0       0       0
      Locals:         0       2       0       0       0       0       0
      Temps:          0       2       0       0       0       0       0
      Totals:         0       6       0       0       0       0       0
Total ram usage:        6 bytes
 Hardware stack levels used:    1
 Hardware stack levels required when called:    7
 This function calls:
		_malloc
 This function is called by:
		_semaphore_init
 This function uses a non-reentrant model


 *************** function _malloc *****************
 Defined at:
		line 25 in file "kernel/memory.c"
 Parameters:    Size  Location     Type
  a_size          2   50[BANK0 ] unsigned int 
 Auto vars:     Size  Location     Type
  l_offset        2   58[BANK0 ] unsigned int 
  l_previous      2   56[BANK0 ] PTR struct block_s
		 -> s_heap(512), NULL(0), 
  l_free          2   60[BANK0 ] PTR struct block_s
		 -> s_heap(512), NULL(0), 
  l_block         2   62[BANK0 ] PTR struct block_s
		 -> s_heap(512), NULL(0), 
 Return value:  Size  Location     Type
                  2   50[BANK0 ] PTR void 
 Registers used:
		wreg, fsr1l, fsr1h, fsr2l, fsr2h, status,2, status,0, cstack
 Tracked objects:
		On entry : 
		On exit  : 
		Unchanged: 
 Data sizes:     COMRAM   BANK0   BANK1   BANK2   BANK3   BANK4   BANK5
      Params:         0       2       0       0       0       0       0
      Locals:         0       8       0       0       0       0       0
      Temps:          0       4       0       0       0       0       0
      Totals:         0      14       0       0       0       0       0
Total ram usage:       14 bytes
 Hardware stack levels used:    1
 Hardware stack levels required when called:    6
 This function calls:
		__find_free_block
		__split_free_block
 This function is called by:
		_linked_list_create
		_linked_list_insert
 This function uses a non-reentrant model


 *************** function __split_free_block *****************
 Defined at:
		line 104 in file "kernel/memory.c"
 Parameters:    Size  Location     Type
  a_block         2   40[BANK0 ] PTR struct block_s
		 -> s_heap(512), NULL(0), 
  a_resize        2   42[BANK0 ] unsigned int 
 Auto vars:     Size  Location     Type
  l_new           2   48[BANK0 ] PTR struct block_s
		 -> s_heap(512), NULL(0), 
 Return value:  Size  Location     Type
                  1    wreg      void 
 Registers used:
		wreg, fsr1l, fsr1h, fsr2l, fsr2h, status,2, status,0
 Tracked objects:
		On entry : 
		On exit  : 
		Unchanged: 
 Data sizes:     COMRAM   BANK0   BANK1   BANK2   BANK3   BANK4   BANK5
      Params:         0       4       0       0       0       0       0
      Locals:         0       2       0       0       0       0       0
      Temps:          0       4       0       0       0       0       0
      Totals:         0      10       0       0       0       0       0
Total ram usage:       10 bytes
 Hardware stack levels used:    1
 Hardware stack levels required when called:    5
 This function calls:
		Nothing
 This function is called by:
		_malloc
 This function uses a non-reentrant model


 *************** function __find_free_block *****************
 Defined at:
		line 93 in file "kernel/memory.c"
 Parameters:    Size  Location     Type
  a_size          2   40[BANK0 ] unsigned int 
 Auto vars:     Size  Location     Type
  l_current       2   44[BANK0 ] PTR struct block_s
		 -> s_heap(512), NULL(0), 
 Return value:  Size  Location     Type
                  2   40[BANK0 ] PTR struct block_s
 Registers used:
		wreg, fsr2l, fsr2h, status,2, status,0
 Tracked objects:
		On entry : 
		On exit  : 
		Unchanged: 
 Data sizes:     COMRAM   BANK0   BANK1   BANK2   BANK3   BANK4   BANK5
      Params:         0       2       0       0       0       0       0
      Locals:         0       2       0       0       0       0       0
      Temps:          0       2       0       0       0       0       0
      Totals:         0       6       0       0       0       0       0
Total ram usage:        6 bytes
 Hardware stack levels used:    1
 Hardware stack levels required when called:    5
 This function calls:
		Nothing
 This function is called by:
		_malloc
 This function uses a non-reentrant model


 *************** function _task_2_priority *****************
 Defined at:
		line 59 in file "main.c"
 Parameters:    Size  Location     Type
		None
 Auto vars:     Size  Location     Type
  i               2   77[BANK2 ] unsigned int 
 Return value:  Size  Location     Type
                  1    wreg      void 
 Registers used:
		wreg, fsr1l, fsr1h, fsr2l, fsr2h, status,2, status,0, pclat, tosl, prodl, prodh, cstack
 Tracked objects:
		On entry : 
		On exit  : 
		Unchanged: 
 Data sizes:     COMRAM   BANK0   BANK1   BANK2   BANK3   BANK4   BANK5
      Params:         0       0       0       0       0       0       0
      Locals:         0       0       0       2       0       0       0
      Temps:          0       1       0       0       0       0       0
      Totals:         0       1       0       2       0       0       0
Total ram usage:        3 bytes
 Hardware stack levels used:    1
 Hardware stack levels required when called:    9
 This function calls:
		_semaphore_signal
		_semaphore_wait
 This function is called by:
		_main
 This function uses a non-reentrant model


 *************** function _semaphore_signal *****************
 Defined at:
		line 20 in file "kernel/semaphore.c"
 Parameters:    Size  Location     Type
  handle          2  115[BANK2 ] PTR struct semaphore_s
		 -> g_sem_2(4), g_sem_1(4), 
 Auto vars:     Size  Location     Type
  l_task          2  118[BANK2 ] PTR struct task_s
		 -> s_heap(512), idle(41), dispatcher(128), NULL(0), 
 Return value:  Size  Location     Type
                  1    wreg      void 
 Registers used:
		wreg, fsr1l, fsr1h, fsr2l, fsr2h, status,2, status,0, pclat, tosl, prodl, prodh, cstack
 Tracked objects:
		On entry : 
		On exit  : 
		Unchanged: 
 Data sizes:     COMRAM   BANK0   BANK1   BANK2   BANK3   BANK4   BANK5
      Params:         0       0       0       2       0       0       0
      Locals:         0       0       0       2       0       0       0
      Temps:          0       0       0       1       0       0       0
      Totals:         0       0       0       5       0       0       0
Total ram usage:        5 bytes
 Hardware stack levels used:    1
 Hardware stack levels required when called:    8
 This function calls:
		_dispatcher_change_context
		_linked_list_get_first
		_linked_list_get_size
		_linked_list_remove_first
		i1_task_ready
 This function is called by:
		_task_2_priority
		_task_3_priority
 This function uses a non-reentrant model


 *************** function i1_task_ready *****************
 Defined at:
		line 24 in file "kernel/task.c"
 Parameters:    Size  Location     Type
  handle          2   79[BANK2 ] PTR struct task_s
		 -> s_heap(512), dispatcher.tasks(123), idle(41), dispatcher(128), 
		 -> NULL(0), 
 Auto vars:     Size  Location     Type
		None
 Return value:  Size  Location     Type
                  1    wreg      void 
 Registers used:
		wreg, fsr2l, fsr2h, status,2, status,0
 Tracked objects:
		On entry : 
		On exit  : 
		Unchanged: 
 Data sizes:     COMRAM   BANK0   BANK1   BANK2   BANK3   BANK4   BANK5
      Params:         0       0       0       2       0       0       0
      Locals:         0       0       0       0       0       0       0
      Temps:          0       0       0       0       0       0       0
      Totals:         0       0       0       2       0       0       0
Total ram usage:        2 bytes
 Hardware stack levels used:    1
 Hardware stack levels required when called:    5
 This function calls:
		Nothing
 This function is called by:
		_semaphore_signal
 This function uses a non-reentrant model


 *************** function _linked_list_remove_first *****************
 Defined at:
		line 108 in file "kernel/linked_list.c"
 Parameters:    Size  Location     Type
  a_head          2   89[BANK2 ] PTR struct linked_list_s
 Auto vars:     Size  Location     Type
  l_iter_delet    2   95[BANK2 ] PTR struct linked_list_s
		 -> s_heap(512), NULL(0), 
  l_iter_new_f    2   93[BANK2 ] PTR struct linked_list_s
		 -> s_heap(512), NULL(0), 
  l_head_data     2   97[BANK2 ] PTR struct linked_list_h
		 -> s_heap(512), idle(41), dispatcher(128), NULL(0), 
 Return value:  Size  Location     Type
                  1    wreg      char 
 Registers used:
		wreg, fsr1l, fsr1h, fsr2l, fsr2h, status,2, status,0, cstack
 Tracked objects:
		On entry : 
		On exit  : 
		Unchanged: 
 Data sizes:     COMRAM   BANK0   BANK1   BANK2   BANK3   BANK4   BANK5
      Params:         0       0       0       2       0       0       0
      Locals:         0       0       0       6       0       0       0
      Temps:          0       0       0       2       0       0       0
      Totals:         0       0       0      10       0       0       0
Total ram usage:       10 bytes
 Hardware stack levels used:    1
 Hardware stack levels required when called:    7
 This function calls:
		_free
 This function is called by:
		_semaphore_signal
 This function uses a non-reentrant model


 *************** function _free *****************
 Defined at:
		line 73 in file "kernel/memory.c"
 Parameters:    Size  Location     Type
  a_pointer       2   85[BANK2 ] PTR void 
		 -> s_heap(512), NULL(0), 
 Auto vars:     Size  Location     Type
  l_block         2   87[BANK2 ] PTR struct block_s
		 -> s_heap(512), NULL(0), 
 Return value:  Size  Location     Type
                  1    wreg      void 
 Registers used:
		wreg, fsr1l, fsr1h, fsr2l, fsr2h, status,2, status,0, cstack
 Tracked objects:
		On entry : 
		On exit  : 
		Unchanged: 
 Data sizes:     COMRAM   BANK0   BANK1   BANK2   BANK3   BANK4   BANK5
      Params:         0       0       0       2       0       0       0
      Locals:         0       0       0       2       0       0       0
      Temps:          0       0       0       0       0       0       0
      Totals:         0       0       0       4       0       0       0
Total ram usage:        4 bytes
 Hardware stack levels used:    1
 Hardware stack levels required when called:    6
 This function calls:
		__merge_free_blocks
 This function is called by:
		_linked_list_remove_first
		_linked_list_remove_last
 This function uses a non-reentrant model


 *************** function __merge_free_blocks *****************
 Defined at:
		line 120 in file "kernel/memory.c"
 Parameters:    Size  Location     Type
		None
 Auto vars:     Size  Location     Type
  l_next          2   81[BANK2 ] PTR struct block_s
		 -> s_heap(512), NULL(0), 
  l_curr          2   83[BANK2 ] PTR struct block_s
		 -> s_heap(512), NULL(0), 
 Return value:  Size  Location     Type
                  1    wreg      void 
 Registers used:
		wreg, fsr1l, fsr1h, fsr2l, fsr2h, status,2, status,0
 Tracked objects:
		On entry : 
		On exit  : 
		Unchanged: 
 Data sizes:     COMRAM   BANK0   BANK1   BANK2   BANK3   BANK4   BANK5
      Params:         0       0       0       0       0       0       0
      Locals:         0       0       0       4       0       0       0
      Temps:          0       0       0       2       0       0       0
      Totals:         0       0       0       6       0       0       0
Total ram usage:        6 bytes
 Hardware stack levels used:    1
 Hardware stack levels required when called:    5
 This function calls:
		Nothing
 This function is called by:
		_free
 This function uses a non-reentrant model


 *************** function _linked_list_get_size *****************
 Defined at:
		line 162 in file "kernel/linked_list.c"
 Parameters:    Size  Location     Type
  a_head          2   79[BANK2 ] PTR struct linked_list_s
 Auto vars:     Size  Location     Type
  l_head_data     2   81[BANK2 ] PTR struct linked_list_h
		 -> s_heap(512), idle(41), dispatcher(128), NULL(0), 
 Return value:  Size  Location     Type
                  1    wreg      unsigned char 
 Registers used:
		wreg, fsr2l, fsr2h, status,2, status,0
 Tracked objects:
		On entry : 
		On exit  : 
		Unchanged: 
 Data sizes:     COMRAM   BANK0   BANK1   BANK2   BANK3   BANK4   BANK5
      Params:         0       0       0       2       0       0       0
      Locals:         0       0       0       2       0       0       0
      Temps:          0       0       0       0       0       0       0
      Totals:         0       0       0       4       0       0       0
Total ram usage:        4 bytes
 Hardware stack levels used:    1
 Hardware stack levels required when called:    5
 This function calls:
		Nothing
 This function is called by:
		_semaphore_signal
 This function uses a non-reentrant model


 *************** function _linked_list_get_first *****************
 Defined at:
		line 158 in file "kernel/linked_list.c"
 Parameters:    Size  Location     Type
  a_head          2   79[BANK2 ] PTR struct linked_list_s
 Auto vars:     Size  Location     Type
		None
 Return value:  Size  Location     Type
                  2   79[BANK2 ] PTR void 
 Registers used:
		wreg, fsr1l, fsr1h, fsr2l, fsr2h
 Tracked objects:
		On entry : 
		On exit  : 
		Unchanged: 
 Data sizes:     COMRAM   BANK0   BANK1   BANK2   BANK3   BANK4   BANK5
      Params:         0       0       0       2       0       0       0
      Locals:         0       0       0       0       0       0       0
      Temps:          0       0       0       0       0       0       0
      Totals:         0       0       0       2       0       0       0
Total ram usage:        2 bytes
 Hardware stack levels used:    1
 Hardware stack levels required when called:    5
 This function calls:
		Nothing
 This function is called by:
		_semaphore_signal
 This function uses a non-reentrant model


 *************** function _task_3_priority *****************
 Defined at:
		line 70 in file "main.c"
 Parameters:    Size  Location     Type
		None
 Auto vars:     Size  Location     Type
  i               2  121[BANK2 ] unsigned int 
 Return value:  Size  Location     Type
                  1    wreg      void 
 Registers used:
		wreg, fsr1l, fsr1h, fsr2l, fsr2h, status,2, status,0, pclat, tosl, prodl, prodh, cstack
 Tracked objects:
		On entry : 
		On exit  : 
		Unchanged: 
 Data sizes:     COMRAM   BANK0   BANK1   BANK2   BANK3   BANK4   BANK5
      Params:         0       0       0       0       0       0       0
      Locals:         0       0       0       2       0       0       0
      Temps:          0       0       0       1       0       0       0
      Totals:         0       0       0       3       0       0       0
Total ram usage:        3 bytes
 Hardware stack levels used:    1
 Hardware stack levels required when called:    9
 This function calls:
		_semaphore_signal
 This function is called by:
		_main
 This function uses a non-reentrant model


 *************** function _task_idle_callback *****************
 Defined at:
		line 12 in file "kernel/dispatcher.c"
 Parameters:    Size  Location     Type
		None
 Auto vars:     Size  Location     Type
		None
 Return value:  Size  Location     Type
                  1    wreg      void 
 Registers used:
		None
 Tracked objects:
		On entry : 
		On exit  : 
		Unchanged: 
 Data sizes:     COMRAM   BANK0   BANK1   BANK2   BANK3   BANK4   BANK5
      Params:         0       0       0       0       0       0       0
      Locals:         0       0       0       0       0       0       0
      Temps:          0       0       0       0       0       0       0
      Totals:         0       0       0       0       0       0       0
Total ram usage:        0 bytes
 Hardware stack levels used:    1
 Hardware stack levels required when called:    5
 This function calls:
		Nothing
 This function is called by:
		_dispatcher_init
 This function uses a non-reentrant model


 *************** function _task_block *****************
 Defined at:
		line 32 in file "kernel/task.c"
 Parameters:    Size  Location     Type
  handle          2  123[BANK2 ] PTR struct task_s
 Auto vars:     Size  Location     Type
		None
 Return value:  Size  Location     Type
                  1    wreg      void 
 Registers used:
		None
 Tracked objects:
		On entry : 
		On exit  : 
		Unchanged: 
 Data sizes:     COMRAM   BANK0   BANK1   BANK2   BANK3   BANK4   BANK5
      Params:         0       0       0       2       0       0       0
      Locals:         0       0       0       0       0       0       0
      Temps:          0       0       0       0       0       0       0
      Totals:         0       0       0       2       0       0       0
Total ram usage:        2 bytes
 Hardware stack levels used:    1
 Hardware stack levels required when called:    5
 This function calls:
		Nothing
 This function is called by:
		Interrupt level 1
 This function uses a non-reentrant model


 *************** function _global_isr *****************
 Defined at:
		line 21 in file "kernel/interrutps.h"
 Parameters:    Size  Location     Type
		None
 Auto vars:     Size  Location     Type
  i               1   48[COMRAM] unsigned char 
  i               1   41[COMRAM] unsigned char 
  n_context       2   53[COMRAM] PTR struct task_context_
		 -> dispatcher.context(34), idle.context(34), idle(41), dispatcher(128), 
  n_stack         2   49[COMRAM] PTR struct task_context_
		 -> dispatcher.stack(31), idle.stack(31), dispatcher.context.stack(31), idle.context.stack(31), 
		 -> global_isr@n_context(2), 
  n_task          2   44[COMRAM] PTR struct task_s
		 -> dispatcher.tasks(123), idle(41), dispatcher(128), 
  p_context       2   51[COMRAM] PTR struct task_context_
		 -> dispatcher.context(34), idle.context(34), idle(41), dispatcher(128), 
  p_stack         2   46[COMRAM] PTR struct task_context_
		 -> dispatcher.stack(31), idle.stack(31), dispatcher.context.stack(31), idle.context.stack(31), 
		 -> global_isr@p_context(2), 
  p_task          2   42[COMRAM] PTR struct task_s
		 -> dispatcher.tasks(123), idle(41), dispatcher(128), 
 Return value:  Size  Location     Type
                  1    wreg      void 
 Registers used:
		wreg, fsr1l, fsr1h, fsr2l, fsr2h, status,2, status,0, pclat, tosl, prodl, prodh, cstack
 Tracked objects:
		On entry : 
		On exit  : 
		Unchanged: 
 Data sizes:     COMRAM   BANK0   BANK1   BANK2   BANK3   BANK4   BANK5
      Params:         0       0       0       0       0       0       0
      Locals:        14       0       0       0       0       0       0
      Temps:         21       0       0       0       0       0       0
      Totals:        35       0       0       0       0       0       0
Total ram usage:       35 bytes
 Hardware stack levels used:    1
 Hardware stack levels required when called:    4
 This function calls:
		_timer0_isr
 This function is called by:
		Interrupt level 2
 This function uses a non-reentrant model


 *************** function _timer0_isr *****************
 Defined at:
		line 51 in file "kernel/timers.c"
 Parameters:    Size  Location     Type
		None
 Auto vars:     Size  Location     Type
		None
 Return value:  Size  Location     Type
                  1    wreg      void 
 Registers used:
		wreg, fsr1l, fsr1h, fsr2l, fsr2h, status,2, status,0, pclat, tosl, prodl, prodh, cstack
 Tracked objects:
		On entry : 
		On exit  : 
		Unchanged: 
 Data sizes:     COMRAM   BANK0   BANK1   BANK2   BANK3   BANK4   BANK5
      Params:         0       0       0       0       0       0       0
      Locals:         0       0       0       0       0       0       0
      Temps:          0       0       0       0       0       0       0
      Totals:         0       0       0       0       0       0       0
Total ram usage:        0 bytes
 Hardware stack levels used:    1
 Hardware stack levels required when called:    3
 This function calls:
		Absolute function
		_dispatcher_change_context_isr
		i2_timer0_reset
 This function is called by:
		_global_isr
 This function uses a non-reentrant model


 *************** function i2_timer0_reset *****************
 Defined at:
		line 8 in file "kernel/timers.c"
 Parameters:    Size  Location     Type
		None
 Auto vars:     Size  Location     Type
		None
 Return value:  Size  Location     Type
                  1    wreg      void 
 Registers used:
		None
 Tracked objects:
		On entry : 
		On exit  : 
		Unchanged: 
 Data sizes:     COMRAM   BANK0   BANK1   BANK2   BANK3   BANK4   BANK5
      Params:         0       0       0       0       0       0       0
      Locals:         0       0       0       0       0       0       0
      Temps:          0       0       0       0       0       0       0
      Totals:         0       0       0       0       0       0       0
Total ram usage:        0 bytes
 Hardware stack levels used:    1
 This function calls:
		Nothing
 This function is called by:
		_timer0_isr
 This function uses a non-reentrant model


 *************** function _dispatcher_change_context_isr *****************
 Defined at:
		line 52 in file "kernel/dispatcher.c"
 Parameters:    Size  Location     Type
		None
 Auto vars:     Size  Location     Type
  next            2   18[COMRAM] PTR struct task_s
		 -> dispatcher.tasks(123), idle(41), dispatcher(128), 
 Return value:  Size  Location     Type
                  1    wreg      void 
 Registers used:
		wreg, fsr1l, fsr1h, fsr2l, fsr2h, status,2, status,0, pclat, tosl, prodl, prodh, cstack
 Tracked objects:
		On entry : 
		On exit  : 
		Unchanged: 
 Data sizes:     COMRAM   BANK0   BANK1   BANK2   BANK3   BANK4   BANK5
      Params:         0       0       0       0       0       0       0
      Locals:         2       0       0       0       0       0       0
      Temps:          0       0       0       0       0       0       0
      Totals:         2       0       0       0       0       0       0
Total ram usage:        2 bytes
 Hardware stack levels used:    1
 Hardware stack levels required when called:    2
 This function calls:
		i2_scheduler_priority
		i2_task_ready
		i2_task_running
 This function is called by:
		_dispatcher_start
		_timer0_isr
 This function uses a non-reentrant model


 *************** function i2_task_running *****************
 Defined at:
		line 28 in file "kernel/task.c"
 Parameters:    Size  Location     Type
  handle          2    0[COMRAM] PTR struct task_s
		 -> dispatcher.tasks(123), idle(41), dispatcher(128), 
 Auto vars:     Size  Location     Type
		None
 Return value:  Size  Location     Type
                  1    wreg      void 
 Registers used:
		wreg, fsr2l, fsr2h, status,2, status,0
 Tracked objects:
		On entry : 
		On exit  : 
		Unchanged: 
 Data sizes:     COMRAM   BANK0   BANK1   BANK2   BANK3   BANK4   BANK5
      Params:         2       0       0       0       0       0       0
      Locals:         0       0       0       0       0       0       0
      Temps:          0       0       0       0       0       0       0
      Totals:         2       0       0       0       0       0       0
Total ram usage:        2 bytes
 Hardware stack levels used:    1
 This function calls:
		Nothing
 This function is called by:
		_dispatcher_change_context_isr
 This function uses a non-reentrant model


 *************** function i2_task_ready *****************
 Defined at:
		line 24 in file "kernel/task.c"
 Parameters:    Size  Location     Type
  handle          2    0[COMRAM] PTR struct task_s
		 -> s_heap(512), dispatcher.tasks(123), idle(41), dispatcher(128), 
		 -> NULL(0), 
 Auto vars:     Size  Location     Type
		None
 Return value:  Size  Location     Type
                  1    wreg      void 
 Registers used:
		wreg, fsr2l, fsr2h, status,2, status,0
 Tracked objects:
		On entry : 
		On exit  : 
		Unchanged: 
 Data sizes:     COMRAM   BANK0   BANK1   BANK2   BANK3   BANK4   BANK5
      Params:         2       0       0       0       0       0       0
      Locals:         0       0       0       0       0       0       0
      Temps:          0       0       0       0       0       0       0
      Totals:         2       0       0       0       0       0       0
Total ram usage:        2 bytes
 Hardware stack levels used:    1
 This function calls:
		Nothing
 This function is called by:
		_dispatcher_change_context_isr
 This function uses a non-reentrant model


 *************** function i2_scheduler_priority *****************
 Defined at:
		line 5 in file "kernel/scheduler.c"
 Parameters:    Size  Location     Type
		None
 Auto vars:     Size  Location     Type
  scheduler_pr    2   16[COMRAM] PTR struct task_s
		 -> dispatcher.tasks(123), dispatcher(128), 
  scheduler_pr    2   14[COMRAM] int 
  scheduler_pr    2   12[COMRAM] PTR struct task_s
		 -> dispatcher.tasks(123), idle(41), dispatcher(128), 
 Return value:  Size  Location     Type
                  2    6[COMRAM] PTR struct task_s
 Registers used:
		wreg, fsr1l, fsr1h, fsr2l, fsr2h, status,2, status,0, prodl, prodh, cstack
 Tracked objects:
		On entry : 
		On exit  : 
		Unchanged: 
 Data sizes:     COMRAM   BANK0   BANK1   BANK2   BANK3   BANK4   BANK5
      Params:         2       0       0       0       0       0       0
      Locals:         6       0       0       0       0       0       0
      Temps:          4       0       0       0       0       0       0
      Totals:        12       0       0       0       0       0       0
Total ram usage:       12 bytes
 Hardware stack levels used:    1
 Hardware stack levels required when called:    1
 This function calls:
		i2___wmul
 This function is called by:
 This function uses a non-reentrant model


 *************** function i2___wmul *****************
 Defined at:
		line 15 in file "/home/bruno/Programs/microchip/xc8/v1.37/sources/common/Umul16.c"
 Parameters:    Size  Location     Type
  multiplier      2    0[COMRAM] unsigned int 
  multiplicand    2    2[COMRAM] unsigned int 
 Auto vars:     Size  Location     Type
  __wmul          2    4[COMRAM] unsigned int 
 Return value:  Size  Location     Type
                  2    0[COMRAM] unsigned int 
 Registers used:
		wreg, status,2, status,0, prodl, prodh
 Tracked objects:
		On entry : 
		On exit  : 
		Unchanged: 
 Data sizes:     COMRAM   BANK0   BANK1   BANK2   BANK3   BANK4   BANK5
      Params:         4       0       0       0       0       0       0
      Locals:         2       0       0       0       0       0       0
      Temps:          0       0       0       0       0       0       0
      Totals:         6       0       0       0       0       0       0
Total ram usage:        6 bytes
 Hardware stack levels used:    1
 This function calls:
		Nothing
 This function is called by:
		i2_scheduler_priority
 This function uses a non-reentrant model



MODULE INFORMATION

Module		Function		Class		Link	Load	Size
kernel/semaphore.c
		_semaphore_signal		CODE           	0C20	0000	133
		_semaphore_wait		CODE           	0F90	0000	59
		_semaphore_init		CODE           	106A	0000	39

kernel/semaphore.c estimated size: 231

/home/bruno/Programs/microchip/xc8/v1.37/sources/common/Umul16.c
		___wmul        		CODE           	1002	0000	55

/home/bruno/Programs/microchip/xc8/v1.37/sources/common/Umul16.c estimated size: 55

kernel/dispatcher.c
		_dispatcher_change_context		CODE           	047E	0000	467
		_dispatcher_change_context_isr		CODE           	0EC6	0000	71
		_task_idle_callback		CODE           	11E8	0000	5
		_dispatcher_init		CODE           	0F0C	0000	69
		_dispatcher_start		CODE           	113E	0000	29
		_dispatcher_add_task		CODE           	10B6	0000	37

kernel/dispatcher.c estimated size: 678

kernel/memory.c
		__merge_free_blocks		CODE           	0728	0000	215
		__split_free_block		CODE           	0650	0000	217
		_malloc        		CODE           	025E	0000	545
		__find_free_block		CODE           	0E08	0000	99
		_free          		CODE           	0FCA	0000	57

kernel/memory.c estimated size: 1133

kernel/interrutps.h
		_global_isr    		CODE           	0008	0000	595

kernel/interrutps.h estimated size: 595

shared
		i1_task_ready  		CODE           	1182	0000	21
		i2_task_ready  		CODE           	11A8	0000	19
		i2_task_running		CODE           	1196	0000	19
		i2___wmul      		CODE           	1090	0000	39
		__initialization		CODE           	0F50	0000	51
		i2_scheduler_priority		CODE           	0AEE	0000	155
		i2_timer0_reset		CODE           	11D4	0000	13

shared estimated size: 317

kernel/linked_list.c
		_linked_list_create		CODE           	0B88	0000	153
		_linked_list_get_size		CODE           	10FE	0000	35
		_linked_list_insert		CODE           	0988	0000	183
		_linked_list_remove_first		CODE           	0A3E	0000	177
		_linked_list_get_first		CODE           	1120	0000	31

kernel/linked_list.c estimated size: 579

kernel/timers.c
		_timer0_isr    		CODE           	10DA	0000	37
		_timer0_init   		CODE           	1038	0000	51
		_timer0_reset  		CODE           	11C8	0000	13

kernel/timers.c estimated size: 101

kernel/task.c
		_task_create   		CODE           	08C4	0000	197
		_task_ready    		CODE           	115A	0000	21
		_task_running  		CODE           	116E	0000	21
		_task_block    		CODE           	11EC	0000	3

kernel/task.c estimated size: 242

kernel/scheduler.c
		_scheduler_priority		CODE           	07FE	0000	199

kernel/scheduler.c estimated size: 199

main.c
		_task_2_priority		CODE           	0D9E	0000	107
		_main          		CODE           	0D26	0000	121
		_task_3_priority		CODE           	0E6A	0000	93
		_task_1_priority		CODE           	0CA4	0000	131

main.c estimated size: 452

nojentOS.c
		_nojo_start    		CODE           	11E0	0000	9
		_nojo_init     		CODE           	11BA	0000	15

nojentOS.c estimated size: 24

