Microchip MPLAB XC8 Compiler V1.37 ()

Linker command line:

-W-3 --edf=/home/bruno/Programs/microchip/xc8/v1.37/dat/en_msgs.txt -cs \
  -h+dist/default/production/NojentOS.X.production.sym \
  --cmf=dist/default/production/NojentOS.X.production.cmf -z -Q18F4520 \
  -o/tmp/xcXTGnUlY -Mdist/default/production/NojentOS.X.production.map -E1 \
  -ver=XC8 -ASTACK=0243h-05ffh -pstack=STACK -ACODE=00h-07FFFh \
  -ACONST=00h-07FFFh -ASMALLCONST=0600h-06FFhx122 \
  -AMEDIUMCONST=0600h-07FFFh -ACOMRAM=01h-07Fh -AABS1=00h-05FFh \
  -ABIGRAM=01h-05FFh -ARAM=080h-0FFh,0100h-01FFhx5 -ABANK0=080h-0FFh \
  -ABANK1=0100h-01FFh -ABANK2=0200h-02FFh -ABANK3=0300h-03FFh \
  -ABANK4=0400h-04FFh -ABANK5=0500h-05FFh -ASFR=0F80h-0FFFh \
  -preset_vec=00h,intcode=08h,intcodelo,powerup,init,end_init \
  -pramtop=0600h -psmallconst=SMALLCONST -pmediumconst=MEDIUMCONST \
  -pconst=CONST -AFARRAM=00h-00h -ACONFIG=0300000h-030000Dh -pconfig=CONFIG \
  -AIDLOC=0200000h-0200007h -pidloc=IDLOC -AEEDATA=0F00000h-0F000FFh \
  -peeprom_data=EEDATA \
  -prdata=COMRAM,nvrram=COMRAM,nvbit=COMRAM,rbss=COMRAM,rbit=COMRAM \
  -pfarbss=FARRAM,fardata=FARRAM,nvFARRAM=FARRAM \
  -pintsave_regs=BIGRAM,bigbss=BIGRAM,bigdata=BIGRAM -pbss=RAM \
  -pidata=CODE,irdata=CODE,ibigdata=CODE,ifardata=CODE -prparam=COMRAM \
  /tmp/xcXnJ5HCd.obj dist/default/production/NojentOS.X.production.obj 

Object code version is 3.11

Machine type is 18F4520

Call graph: (short form)




                Name                               Link     Load   Length Selector   Space Scale
/tmp/xcXnJ5HCd.obj
                end_init                             16       16        4        4       0
                reset_vec                             0        0        4        0       0
                idloc                            200000   200000        8   200000       0
                config                           300000   300000        E   300000       0
dist/default/production/NojentOS.X.production.obj
                intcode                               8        8        E        4       0
                temp                                 44       44        1        1       1
                text22                              4A8      4A8       70        4       0
                text21                              6FE      6FE       26        4       0
                text20                              25E      25E      10E        4       0
                text19                              78A      78A       12        4       0
                text18                              778      778       12        4       0
                text17                              5AA      5AA       46        4       0
                text16                              7B6      7B6        C        4       0
                text15                              724      724       24        4       0
                intcode_body                         1A       1A      244        4       0
                text13                              7CA      7CA        4        4       0
                text12                              518      518       4A        4       0
                text11                              562      562       48        4       0
                text10                              634      634       36        4       0
                text9                               5F0      5F0       44        4       0
                text8                               79C      79C        E        4       0
                text7                               7AA      7AA        C        4       0
                text6                               69E      69E       32        4       0
                text5                               748      748       1C        4       0
                text4                               7C2      7C2        8        4       0
                text3                               6D0      6D0       2E        4       0
                text2                               764      764       14        4       0
                text1                               36C      36C       C4        4       0
                text0                               430      430       78        4       0
                cstackCOMRAM                          1        1       3E        1       1
                cstackBANK0                          E8       E8       10       80       1
                cstackBANK1                         100      100        6      100       1
                bssBIGRAM                           106      106      13D      106       1
                bssBANK0                             80       80       68       80       1
                bssCOMRAM                            3F       3F        3        1       1
                cinit                               66A      66A       34        4       0
                nvBANK0                              F8       F8        2       80       1
                nvCOMRAM                             42       42        2        1       1

TOTAL           Name                               Link     Load   Length     Space
        CLASS   STACK          

        CLASS   CODE           
                end_init                             16       16        4         0
                intcode                               8        8        E         0
                reset_vec                             0        0        4         0
                text22                              4A8      4A8       70         0
                text21                              6FE      6FE       26         0
                text20                              25E      25E      10E         0
                text19                              78A      78A       12         0
                text18                              778      778       12         0
                text17                              5AA      5AA       46         0
                text16                              7B6      7B6        C         0
                text15                              724      724       24         0
                intcode_body                         1A       1A      244         0
                text13                              7CA      7CA        4         0
                text12                              518      518       4A         0
                text11                              562      562       48         0
                text10                              634      634       36         0
                text9                               5F0      5F0       44         0
                text8                               79C      79C        E         0
                text7                               7AA      7AA        C         0
                text6                               69E      69E       32         0
                text5                               748      748       1C         0
                text4                               7C2      7C2        8         0
                text3                               6D0      6D0       2E         0
                text2                               764      764       14         0
                text1                               36C      36C       C4         0
                text0                               430      430       78         0
                cinit                               66A      66A       34         0

        CLASS   CONST          

        CLASS   SMALLCONST     

        CLASS   MEDIUMCONST    

        CLASS   COMRAM         
                temp                                 44       44        1         1
                cstackCOMRAM                          1        1       3E         1
                bssCOMRAM                            3F       3F        3         1
                nvCOMRAM                             42       42        2         1

        CLASS   ABS1           

        CLASS   BIGRAM         
                bssBIGRAM                           106      106      13D         1

        CLASS   RAM            

        CLASS   BANK0          
                cstackBANK0                          E8       E8       10         1
                bssBANK0                             80       80       68         1
                nvBANK0                              F8       F8        2         1

        CLASS   BANK1          
                cstackBANK1                         100      100        6         1

        CLASS   BANK2          

        CLASS   BANK3          

        CLASS   BANK4          

        CLASS   BANK5          

        CLASS   SFR            

        CLASS   FARRAM         

        CLASS   CONFIG         
                config                           300000   300000        E         0

        CLASS   IDLOC          
                idloc                            200000   200000        8         0

        CLASS   EEDATA         



SEGMENTS        Name                           Load    Length   Top    Selector   Space  Class

                reset_vec                      000000  000004  000004         0       0  CODE    
                cstackCOMRAM                   000001  000044  000045         1       1  COMRAM  
                intcode                        000008  0007C6  0007CE         4       0  CODE    
                bssBANK0                       000080  00007A  0000FA        80       1  BANK0   
                cstackBANK1                    000100  000006  000106       100       1  BANK1   
                bssBIGRAM                      000106  00013D  000243       106       1  BIGRAM  
                idloc                          200000  000008  200008    200000       0  IDLOC   
                config                         300000  00000E  30000E    300000       0  CONFIG  


UNUSED ADDRESS RANGES

        Name                Unused          Largest block    Delta
        BANK0            0000FA-0000FF                6
        BANK2            000243-0002FF               BD
        BANK3            000300-0003FF              100
        BANK4            000400-0004FF              100
        BANK5            000500-0005FF              100
        BIGRAM           000045-00007F               3B
                         0000FA-0000FF                6
                         000243-0005FF              3BD
        CODE             000004-000007                4
                         0007CE-007FFF             7832
        COMRAM           000045-00007F               3B
        CONST            000004-000007                4
                         0007CE-007FFF             7832
        EEDATA           F00000-F000FF              100
        MEDIUMCONST      0007CE-007FFF             7832
        RAM              0000FA-0000FF                6
                         000243-0005FF              100
        SFR              000F80-000FFF               80
        SMALLCONST       0007CE-007FFF              100
        STACK            000243-0005FF              3BD

                                  Symbol Table

?___awmod                               cstackCOMRAM 000001
?___wmul                                cstackCOMRAM 000001
?_dispatcher_add_task                   cstackBANK0  0000EE
?_scheduler_round_robin                 cstackCOMRAM 000007
_BSR                                    (abs)        000FE0
_INTCON2bits                            (abs)        000FF1
_INTCONbits                             (abs)        000FF2
_LATDbits                               (abs)        000F8C
_OSCCONbits                             (abs)        000FD3
_OSCTUNEbits                            (abs)        000F9B
_PORTDbits                              (abs)        000F83
_STATUS                                 (abs)        000FD8
_STKPTR                                 (abs)        000FFC
_T0CONbits                              (abs)        000FD5
_TMR0                                   (abs)        000FD6
_TOSH                                   (abs)        000FFE
_TOSL                                   (abs)        000FFD
_TOSU                                   (abs)        000FFF
_TRISDbits                              (abs)        000F95
_WREG                                   (abs)        000FE8
__BSR                                   bssCOMRAM    00003F
__CFG_OSC$INTIO7                        (abs)        000000
__CFG_PBADEN$OFF                        (abs)        000000
__CFG_WDT$OFF                           (abs)        000000
__HRAM                                  (abs)        000000
__Habs1                                 abs1         000000
__Hbank0                                bank0        000000
__Hbank1                                bank1        000000
__Hbank2                                bank2        000000
__Hbank3                                bank3        000000
__Hbank4                                bank4        000000
__Hbank5                                bank5        000000
__Hbigbss                               bigbss       000000
__Hbigdata                              bigdata      000000
__Hbigram                               bigram       000000
__Hbss                                  bss          000000
__HbssBANK0                             bssBANK0     000000
__HbssBIGRAM                            bssBIGRAM    000000
__HbssCOMRAM                            bssCOMRAM    000000
__Hcinit                                cinit        000000
__Hclrtext                              clrtext      000000
__Hcomram                               comram       000000
__Hconfig                               config       30000E
__Hconst                                const        000000
__HcstackBANK0                          cstackBANK0  000000
__HcstackBANK1                          cstackBANK1  000000
__HcstackCOMRAM                         cstackCOMRAM 000000
__Hdata                                 data         000000
__Heeprom_data                          eeprom_data  000000
__Hend_init                             end_init     00001A
__Hfarbss                               farbss       000000
__Hfardata                              fardata      000000
__Hibigdata                             ibigdata     000000
__Hidata                                idata        000000
__Hidloc                                idloc        200008
__Hifardata                             ifardata     000000
__Hinit                                 init         000016
__Hintcode                              intcode      000016
__Hintcode_body                         intcode_body 000000
__Hintcodelo                            intcodelo    000016
__Hintentry                             intentry     000000
__Hintret                               intret       000000
__Hintsave_regs                         intsave_regs 000000
__Hirdata                               irdata       000000
__Hmediumconst                          mediumconst  000000
__HnvBANK0                              nvBANK0      000000
__HnvCOMRAM                             nvCOMRAM     000000
__HnvFARRAM                             nvFARRAM     000000
__Hnvbit                                nvbit        000000
__Hnvrram                               nvrram       000000
__Hparam                                rparam       000000
__Hpowerup                              powerup      000016
__Hram                                  ram          000000
__Hramtop                               ramtop       000600
__Hrbit                                 rbit         000000
__Hrbss                                 rbss         000000
__Hrdata                                rdata        000000
__Hreset_vec                            reset_vec    000004
__Hrparam                               rparam       000000
__Hsfr                                  sfr          000000
__Hsmallconst                           smallconst   000000
__Hspace_0                              (abs)        30000E
__Hspace_1                              (abs)        000243
__Hspace_2                              (abs)        000000
__Hstack                                stack        000000
__Hstruct                               struct       000000
__Htemp                                 temp         000045
__Htext                                 text         000000
__Htext0                                text0        000000
__Htext1                                text1        000000
__Htext10                               text10       000000
__Htext11                               text11       000000
__Htext12                               text12       000000
__Htext13                               text13       000000
__Htext15                               text15       000000
__Htext16                               text16       000000
__Htext17                               text17       000000
__Htext18                               text18       000000
__Htext19                               text19       000000
__Htext2                                text2        000000
__Htext20                               text20       000000
__Htext21                               text21       000000
__Htext22                               text22       000000
__Htext23                               text23       000000
__Htext3                                text3        000000
__Htext4                                text4        000000
__Htext5                                text5        000000
__Htext6                                text6        000000
__Htext7                                text7        000000
__Htext8                                text8        000000
__Htext9                                text9        000000
__LRAM                                  (abs)        000001
__Labs1                                 abs1         000000
__Lbank0                                bank0        000000
__Lbank1                                bank1        000000
__Lbank2                                bank2        000000
__Lbank3                                bank3        000000
__Lbank4                                bank4        000000
__Lbank5                                bank5        000000
__Lbigbss                               bigbss       000000
__Lbigdata                              bigdata      000000
__Lbigram                               bigram       000000
__Lbss                                  bss          000000
__LbssBANK0                             bssBANK0     000000
__LbssBIGRAM                            bssBIGRAM    000000
__LbssCOMRAM                            bssCOMRAM    000000
__Lcinit                                cinit        000000
__Lclrtext                              clrtext      000000
__Lcomram                               comram       000000
__Lconfig                               config       300000
__Lconst                                const        000000
__LcstackBANK0                          cstackBANK0  000000
__LcstackBANK1                          cstackBANK1  000000
__LcstackCOMRAM                         cstackCOMRAM 000000
__Ldata                                 data         000000
__Leeprom_data                          eeprom_data  000000
__Lend_init                             end_init     000016
__Lfarbss                               farbss       000000
__Lfardata                              fardata      000000
__Libigdata                             ibigdata     000000
__Lidata                                idata        000000
__Lidloc                                idloc        200000
__Lifardata                             ifardata     000000
__Linit                                 init         000016
__Lintcode                              intcode      000008
__Lintcode_body                         intcode_body 000000
__Lintcodelo                            intcodelo    000016
__Lintentry                             intentry     000000
__Lintret                               intret       000000
__Lintsave_regs                         intsave_regs 000000
__Lirdata                               irdata       000000
__Lmediumconst                          mediumconst  000000
__LnvBANK0                              nvBANK0      000000
__LnvCOMRAM                             nvCOMRAM     000000
__LnvFARRAM                             nvFARRAM     000000
__Lnvbit                                nvbit        000000
__Lnvrram                               nvrram       000000
__Lparam                                rparam       000000
__Lpowerup                              powerup      000016
__Lram                                  ram          000000
__Lramtop                               ramtop       000600
__Lrbit                                 rbit         000000
__Lrbss                                 rbss         000000
__Lrdata                                rdata        000000
__Lreset_vec                            reset_vec    000000
__Lrparam                               rparam       000000
__Lsfr                                  sfr          000000
__Lsmallconst                           smallconst   000000
__Lspace_0                              (abs)        000000
__Lspace_1                              (abs)        000000
__Lspace_2                              (abs)        000000
__Lstack                                stack        000000
__Lstruct                               struct       000000
__Ltemp                                 temp         000044
__Ltext                                 text         000000
__Ltext0                                text0        000000
__Ltext1                                text1        000000
__Ltext10                               text10       000000
__Ltext11                               text11       000000
__Ltext12                               text12       000000
__Ltext13                               text13       000000
__Ltext15                               text15       000000
__Ltext16                               text16       000000
__Ltext17                               text17       000000
__Ltext18                               text18       000000
__Ltext19                               text19       000000
__Ltext2                                text2        000000
__Ltext20                               text20       000000
__Ltext21                               text21       000000
__Ltext22                               text22       000000
__Ltext23                               text23       000000
__Ltext3                                text3        000000
__Ltext4                                text4        000000
__Ltext5                                text5        000000
__Ltext6                                text6        000000
__Ltext7                                text7        000000
__Ltext8                                text8        000000
__Ltext9                                text9        000000
__S0                                    (abs)        30000E
__S1                                    (abs)        000243
__S2                                    (abs)        000000
__STATUS                                bssCOMRAM    000040
__WREG                                  bssCOMRAM    000041
___awmod                                text22       0004A8
___awmod@counter                        cstackCOMRAM 000005
___awmod@dividend                       cstackCOMRAM 000001
___awmod@divisor                        cstackCOMRAM 000003
___awmod@sign                           cstackCOMRAM 000006
___inthi_sp                             stack        000000
___intlo_sp                             stack        000000
___param_bank                           (abs)        000010
___rparam_used                          (abs)        000001
___sp                                   stack        000000
___wmul                                 text21       0006FE
___wmul@multiplicand                    cstackCOMRAM 000003
___wmul@multiplier                      cstackCOMRAM 000001
___wmul@product                         cstackCOMRAM 000005
__accesstop                             (abs)        000080
__activetblptr                          (abs)        000002
__end_of___awmod                        text22       000518
__end_of___wmul                         text21       000724
__end_of__initialization                cinit        000690
__end_of_dispatcher_add_task            text3        0006FE
__end_of_dispatcher_change_context_isr  text17       0005F0
__end_of_dispatcher_init                text9        000634
__end_of_dispatcher_start               text5        000764
__end_of_global_isr                     intcode_body 00025E
__end_of_main                           text0        0004A8
__end_of_nojo_init                      text8        0007AA
__end_of_nojo_start                     text4        0007CA
__end_of_scheduler_round_robin          text20       00036C
__end_of_task_1                         text10       00066A
__end_of_task_2                         text11       0005AA
__end_of_task_3                         text12       000562
__end_of_task_create                    text1        000430
__end_of_task_idle_callback             text13       0007CE
__end_of_task_ready                     text2        000778
__end_of_task_running                   text19       00079C
__end_of_timer0_init                    text6        0006D0
__end_of_timer0_isr                     text15       000748
__end_of_timer0_reset                   text7        0007B6
__end_ofi2_task_ready                   text18       00078A
__end_ofi2_timer0_reset                 text16       0007C2
__initialization                        cinit        00066A
__mediumconst                           mediumconst  000000
__pbssBANK0                             bssBANK0     000080
__pbssBIGRAM                            bssBIGRAM    000106
__pbssCOMRAM                            bssCOMRAM    00003F
__pcinit                                cinit        00066A
__pcstackBANK0                          cstackBANK0  0000E8
__pcstackBANK1                          cstackBANK1  000100
__pcstackCOMRAM                         cstackCOMRAM 000001
__pintcode                              intcode      000008
__pintcode_body                         intcode_body 00001A
__pnvBANK0                              nvBANK0      0000F8
__pnvCOMRAM                             nvCOMRAM     000042
__ptext0                                text0        000430
__ptext1                                text1        00036C
__ptext10                               text10       000634
__ptext11                               text11       000562
__ptext12                               text12       000518
__ptext13                               text13       0007CA
__ptext15                               text15       000724
__ptext16                               text16       0007B6
__ptext17                               text17       0005AA
__ptext18                               text18       000778
__ptext19                               text19       00078A
__ptext2                                text2        000764
__ptext20                               text20       00025E
__ptext21                               text21       0006FE
__ptext22                               text22       0004A8
__ptext23                               text23       000000
__ptext3                                text3        0006D0
__ptext4                                text4        0007C2
__ptext5                                text5        000748
__ptext6                                text6        00069E
__ptext7                                text7        0007AA
__ptext8                                text8        00079C
__ptext9                                text9        0005F0
__ramtop                                ramtop       000600
__size_of___awmod                       (abs)        000000
__size_of___wmul                        (abs)        000000
__size_of_dispatcher_add_task           (abs)        000000
__size_of_dispatcher_change_context_isr (abs)        000000
__size_of_dispatcher_init               (abs)        000000
__size_of_dispatcher_start              (abs)        000000
__size_of_global_isr                    (abs)        000000
__size_of_main                          (abs)        000000
__size_of_nojo_init                     (abs)        000000
__size_of_nojo_start                    (abs)        000000
__size_of_scheduler_round_robin         (abs)        000000
__size_of_task_1                        (abs)        000000
__size_of_task_2                        (abs)        000000
__size_of_task_3                        (abs)        000000
__size_of_task_create                   (abs)        000000
__size_of_task_idle_callback            (abs)        000000
__size_of_task_ready                    (abs)        000000
__size_of_task_running                  (abs)        000000
__size_of_timer0_init                   (abs)        000000
__size_of_timer0_isr                    (abs)        000000
__size_of_timer0_reset                  (abs)        000000
__size_ofi2_task_ready                  (abs)        000000
__size_ofi2_timer0_reset                (abs)        000000
__smallconst                            smallconst   000000
__timer0_callback                       nvCOMRAM     000042
__timer0_delay_us                       nvBANK0      0000F8
_dispatcher                             bssBIGRAM    000106
_dispatcher_add_task                    text3        0006D0
_dispatcher_change_context_isr          text17       0005AA
_dispatcher_init                        text9        0005F0
_dispatcher_start                       text5        000748
_global_isr                             intcode      000008
_idle                                   bssBANK0     000080
_main                                   text0        000430
_nojo_init                              text8        00079C
_nojo_start                             text4        0007C2
_scheduler_round_robin                  text20       00025E
_task_1                                 text10       000634
_task_2                                 text11       000562
_task_3                                 text12       000518
_task_create                            text1        00036C
_task_idle_callback                     text13       0007CA
_task_ready                             text2        000764
_task_running                           text19       00078A
_timer0_init                            text6        00069E
_timer0_isr                             text15       000724
_timer0_reset                           text7        0007AA
btemp                                   temp         000044
dispatcher_add_task@task                cstackBANK0  0000F1
dispatcher_change_context_isr@next      cstackCOMRAM 000017
end_of_initialization                   cinit        000690
global_isr@i                            cstackCOMRAM 00002E
global_isr@i_581                        cstackCOMRAM 000035
global_isr@n_context                    cstackCOMRAM 00003A
global_isr@n_stack                      cstackCOMRAM 000038
global_isr@n_task                       cstackCOMRAM 000031
global_isr@p_context                    cstackCOMRAM 000036
global_isr@p_stack                      cstackCOMRAM 000033
global_isr@p_task                       cstackCOMRAM 00002F
i2_task_ready                           text18       000778
i2_timer0_reset                         text16       0007B6
i2task_ready@handle                     cstackCOMRAM 000001
int$flags                               temp         000044
int_func                                intcode_body 00001A
intlevel0                               text         000000
intlevel1                               text         000000
intlevel2                               text         000000
intlevel3                               text         000000
scheduler_round_robin@i                 cstackCOMRAM 000015
scheduler_round_robin@i_743             cstackCOMRAM 000013
scheduler_round_robin@j                 cstackCOMRAM 000011
scheduler_round_robin@next              cstackCOMRAM 00000F
scheduler_round_robin@offset            cstackCOMRAM 00000D
stackhi                                 (abs)        0005FF
stacklo                                 (abs)        000243
start                                   init         000016
start_initialization                    cinit        00066A
task_1@i                                cstackCOMRAM 00003D
task_2@i                                cstackBANK0  0000E9
task_3@i                                cstackBANK0  0000EC
task_create@callback                    cstackBANK1  000104
task_create@handle                      cstackBANK0  0000F6
task_create@id                          cstackBANK1  000100
task_create@priority                    cstackBANK1  000102
task_ready@handle                       cstackBANK0  0000EE
task_running@handle                     cstackCOMRAM 000001
timer0_init@callback                    cstackBANK0  0000F0
timer0_init@delay_us                    cstackBANK0  0000EE


FUNCTION INFORMATION:

 *************** function _main *****************
 Defined at:
		line 41 in file "main.c"
 Parameters:    Size  Location     Type
		None
 Auto vars:     Size  Location     Type
		None
 Return value:  Size  Location     Type
                  1    wreg      void 
 Registers used:
		wreg, fsr2l, fsr2h, status,2, status,0, prodl, prodh, cstack
 Tracked objects:
		On entry : 
		On exit  : 
		Unchanged: 
 Data sizes:     COMRAM   BANK0   BANK1   BANK2   BANK3   BANK4   BANK5
      Params:         0       0       0       0       0       0       0
      Locals:         0       0       0       0       0       0       0
      Temps:          0       0       0       0       0       0       0
      Totals:         0       0       0       0       0       0       0
Total ram usage:        0 bytes
 Hardware stack levels required when called:   10
 This function calls:
		_nojo_init
		_nojo_start
		_task_create
 This function is called by:
		Startup code after reset
 This function uses a non-reentrant model


 *************** function _task_create *****************
 Defined at:
		line 5 in file "kernel/task.c"
 Parameters:    Size  Location     Type
  id              2    0[BANK1 ] unsigned int 
  priority        2    2[BANK1 ] unsigned int 
  callback        2    4[BANK1 ] PTR FTN()void 
		 -> task_3(1), task_2(1), task_1(1), 
 Auto vars:     Size  Location     Type
  handle          2   14[BANK0 ] PTR struct task_s
		 -> dispatcher.tasks(312), dispatcher(317), 
 Return value:  Size  Location     Type
                  1    wreg      void 
 Registers used:
		wreg, fsr2l, fsr2h, status,2, status,0, prodl, prodh, cstack
 Tracked objects:
		On entry : 
		On exit  : 
		Unchanged: 
 Data sizes:     COMRAM   BANK0   BANK1   BANK2   BANK3   BANK4   BANK5
      Params:         0       0       6       0       0       0       0
      Locals:         0       2       0       0       0       0       0
      Temps:          0       3       0       0       0       0       0
      Totals:         0       5       6       0       0       0       0
Total ram usage:       11 bytes
 Hardware stack levels used:    1
 Hardware stack levels required when called:    7
 This function calls:
		_dispatcher_add_task
		_task_ready
 This function is called by:
		_main
 This function uses a non-reentrant model


 *************** function _task_ready *****************
 Defined at:
		line 24 in file "kernel/task.c"
 Parameters:    Size  Location     Type
  handle          2    6[BANK0 ] PTR struct task_s
		 -> dispatcher.tasks(312), idle(104), dispatcher(317), 
 Auto vars:     Size  Location     Type
		None
 Return value:  Size  Location     Type
                  1    wreg      void 
 Registers used:
		wreg, fsr2l, fsr2h, status,2, status,0
 Tracked objects:
		On entry : 
		On exit  : 
		Unchanged: 
 Data sizes:     COMRAM   BANK0   BANK1   BANK2   BANK3   BANK4   BANK5
      Params:         0       2       0       0       0       0       0
      Locals:         0       0       0       0       0       0       0
      Temps:          0       0       0       0       0       0       0
      Totals:         0       2       0       0       0       0       0
Total ram usage:        2 bytes
 Hardware stack levels used:    1
 Hardware stack levels required when called:    6
 This function calls:
		Nothing
 This function is called by:
		_task_create
 This function uses a non-reentrant model


 *************** function _dispatcher_add_task *****************
 Defined at:
		line 39 in file "kernel/dispatcher.c"
 Parameters:    Size  Location     Type
		None
 Auto vars:     Size  Location     Type
  task            2    9[BANK0 ] PTR struct task_s
		 -> dispatcher.tasks(312), dispatcher(317), 
 Return value:  Size  Location     Type
                  2    6[BANK0 ] PTR struct task_s
 Registers used:
		wreg, status,2, status,0, prodl, prodh
 Tracked objects:
		On entry : 
		On exit  : 
		Unchanged: 
 Data sizes:     COMRAM   BANK0   BANK1   BANK2   BANK3   BANK4   BANK5
      Params:         0       2       0       0       0       0       0
      Locals:         0       2       0       0       0       0       0
      Temps:          0       1       0       0       0       0       0
      Totals:         0       5       0       0       0       0       0
Total ram usage:        5 bytes
 Hardware stack levels used:    1
 Hardware stack levels required when called:    6
 This function calls:
		Nothing
 This function is called by:
		_task_create
 This function uses a non-reentrant model


 *************** function _nojo_start *****************
 Defined at:
		line 23 in file "nojentOS.c"
 Parameters:    Size  Location     Type
		None
 Auto vars:     Size  Location     Type
		None
 Return value:  Size  Location     Type
                  1    wreg      void 
 Registers used:
		wreg, status,2, status,0, cstack
 Tracked objects:
		On entry : 
		On exit  : 
		Unchanged: 
 Data sizes:     COMRAM   BANK0   BANK1   BANK2   BANK3   BANK4   BANK5
      Params:         0       0       0       0       0       0       0
      Locals:         0       0       0       0       0       0       0
      Temps:          0       0       0       0       0       0       0
      Totals:         0       0       0       0       0       0       0
Total ram usage:        0 bytes
 Hardware stack levels used:    1
 Hardware stack levels required when called:    9
 This function calls:
		_dispatcher_start
 This function is called by:
		_main
 This function uses a non-reentrant model


 *************** function _dispatcher_start *****************
 Defined at:
		line 35 in file "kernel/dispatcher.c"
 Parameters:    Size  Location     Type
		None
 Auto vars:     Size  Location     Type
		None
 Return value:  Size  Location     Type
                  1    wreg      void 
 Registers used:
		wreg, status,2, status,0, cstack
 Tracked objects:
		On entry : 
		On exit  : 
		Unchanged: 
 Data sizes:     COMRAM   BANK0   BANK1   BANK2   BANK3   BANK4   BANK5
      Params:         0       0       0       0       0       0       0
      Locals:         0       0       0       0       0       0       0
      Temps:          0       0       0       0       0       0       0
      Totals:         0       0       0       0       0       0       0
Total ram usage:        0 bytes
 Hardware stack levels used:    1
 Hardware stack levels required when called:    8
 This function calls:
		_timer0_init
 This function is called by:
		_nojo_start
 This function uses a non-reentrant model


 *************** function _timer0_init *****************
 Defined at:
		line 15 in file "kernel/timers.c"
 Parameters:    Size  Location     Type
  delay_us        2    6[BANK0 ] unsigned int 
  callback        2    8[BANK0 ] PTR FTN()void 
		 -> dispatcher_change_context_isr(1), 
 Auto vars:     Size  Location     Type
		None
 Return value:  Size  Location     Type
                  1    wreg      void 
 Registers used:
		wreg, status,2, status,0, cstack
 Tracked objects:
		On entry : 
		On exit  : 
		Unchanged: 
 Data sizes:     COMRAM   BANK0   BANK1   BANK2   BANK3   BANK4   BANK5
      Params:         0       4       0       0       0       0       0
      Locals:         0       0       0       0       0       0       0
      Temps:          0       0       0       0       0       0       0
      Totals:         0       4       0       0       0       0       0
Total ram usage:        4 bytes
 Hardware stack levels used:    1
 Hardware stack levels required when called:    7
 This function calls:
		_timer0_reset
 This function is called by:
		_dispatcher_start
 This function uses a non-reentrant model


 *************** function _timer0_reset *****************
 Defined at:
		line 8 in file "kernel/timers.c"
 Parameters:    Size  Location     Type
		None
 Auto vars:     Size  Location     Type
		None
 Return value:  Size  Location     Type
                  1    wreg      void 
 Registers used:
		None
 Tracked objects:
		On entry : 
		On exit  : 
		Unchanged: 
 Data sizes:     COMRAM   BANK0   BANK1   BANK2   BANK3   BANK4   BANK5
      Params:         0       0       0       0       0       0       0
      Locals:         0       0       0       0       0       0       0
      Temps:          0       0       0       0       0       0       0
      Totals:         0       0       0       0       0       0       0
Total ram usage:        0 bytes
 Hardware stack levels used:    1
 Hardware stack levels required when called:    6
 This function calls:
		Nothing
 This function is called by:
		_timer0_init
 This function uses a non-reentrant model


 *************** function _nojo_init *****************
 Defined at:
		line 15 in file "nojentOS.c"
 Parameters:    Size  Location     Type
		None
 Auto vars:     Size  Location     Type
		None
 Return value:  Size  Location     Type
                  1    wreg      void 
 Registers used:
		wreg, status,2, status,0, cstack
 Tracked objects:
		On entry : 
		On exit  : 
		Unchanged: 
 Data sizes:     COMRAM   BANK0   BANK1   BANK2   BANK3   BANK4   BANK5
      Params:         0       0       0       0       0       0       0
      Locals:         0       0       0       0       0       0       0
      Temps:          0       0       0       0       0       0       0
      Totals:         0       0       0       0       0       0       0
Total ram usage:        0 bytes
 Hardware stack levels used:    1
 Hardware stack levels required when called:    7
 This function calls:
		_dispatcher_init
 This function is called by:
		_main
 This function uses a non-reentrant model


 *************** function _dispatcher_init *****************
 Defined at:
		line 18 in file "kernel/dispatcher.c"
 Parameters:    Size  Location     Type
		None
 Auto vars:     Size  Location     Type
		None
 Return value:  Size  Location     Type
                  1    wreg      void 
 Registers used:
		wreg, status,2, status,0
 Tracked objects:
		On entry : 
		On exit  : 
		Unchanged: 
 Data sizes:     COMRAM   BANK0   BANK1   BANK2   BANK3   BANK4   BANK5
      Params:         0       0       0       0       0       0       0
      Locals:         0       0       0       0       0       0       0
      Temps:          0       0       0       0       0       0       0
      Totals:         0       0       0       0       0       0       0
Total ram usage:        0 bytes
 Hardware stack levels used:    1
 Hardware stack levels required when called:    6
 This function calls:
		Nothing
 This function is called by:
		_nojo_init
 This function uses a non-reentrant model


 *************** function _task_1 *****************
 Defined at:
		line 14 in file "main.c"
 Parameters:    Size  Location     Type
		None
 Auto vars:     Size  Location     Type
  i               2   60[COMRAM] unsigned int 
 Return value:  Size  Location     Type
                  1    wreg      void 
 Registers used:
		wreg, status,2, status,0
 Tracked objects:
		On entry : 
		On exit  : 
		Unchanged: 
 Data sizes:     COMRAM   BANK0   BANK1   BANK2   BANK3   BANK4   BANK5
      Params:         0       0       0       0       0       0       0
      Locals:         2       0       0       0       0       0       0
      Temps:          1       0       0       0       0       0       0
      Totals:         3       0       0       0       0       0       0
Total ram usage:        3 bytes
 Hardware stack levels used:    1
 Hardware stack levels required when called:    5
 This function calls:
		Nothing
 This function is called by:
		_main
 This function uses a non-reentrant model


 *************** function _task_2 *****************
 Defined at:
		line 23 in file "main.c"
 Parameters:    Size  Location     Type
		None
 Auto vars:     Size  Location     Type
  i               2    1[BANK0 ] unsigned int 
 Return value:  Size  Location     Type
                  1    wreg      void 
 Registers used:
		wreg, status,2, status,0
 Tracked objects:
		On entry : 
		On exit  : 
		Unchanged: 
 Data sizes:     COMRAM   BANK0   BANK1   BANK2   BANK3   BANK4   BANK5
      Params:         0       0       0       0       0       0       0
      Locals:         0       2       0       0       0       0       0
      Temps:          0       1       0       0       0       0       0
      Totals:         0       3       0       0       0       0       0
Total ram usage:        3 bytes
 Hardware stack levels used:    1
 Hardware stack levels required when called:    5
 This function calls:
		Nothing
 This function is called by:
		_main
 This function uses a non-reentrant model


 *************** function _task_3 *****************
 Defined at:
		line 32 in file "main.c"
 Parameters:    Size  Location     Type
		None
 Auto vars:     Size  Location     Type
  i               2    4[BANK0 ] unsigned int 
 Return value:  Size  Location     Type
                  1    wreg      void 
 Registers used:
		wreg, status,2, status,0
 Tracked objects:
		On entry : 
		On exit  : 
		Unchanged: 
 Data sizes:     COMRAM   BANK0   BANK1   BANK2   BANK3   BANK4   BANK5
      Params:         0       0       0       0       0       0       0
      Locals:         0       2       0       0       0       0       0
      Temps:          0       1       0       0       0       0       0
      Totals:         0       3       0       0       0       0       0
Total ram usage:        3 bytes
 Hardware stack levels used:    1
 Hardware stack levels required when called:    5
 This function calls:
		Nothing
 This function is called by:
		_main
 This function uses a non-reentrant model


 *************** function _task_idle_callback *****************
 Defined at:
		line 12 in file "kernel/dispatcher.c"
 Parameters:    Size  Location     Type
		None
 Auto vars:     Size  Location     Type
		None
 Return value:  Size  Location     Type
                  1    wreg      void 
 Registers used:
		None
 Tracked objects:
		On entry : 
		On exit  : 
		Unchanged: 
 Data sizes:     COMRAM   BANK0   BANK1   BANK2   BANK3   BANK4   BANK5
      Params:         0       0       0       0       0       0       0
      Locals:         0       0       0       0       0       0       0
      Temps:          0       0       0       0       0       0       0
      Totals:         0       0       0       0       0       0       0
Total ram usage:        0 bytes
 Hardware stack levels used:    1
 Hardware stack levels required when called:    5
 This function calls:
		Nothing
 This function is called by:
		_dispatcher_init
 This function uses a non-reentrant model


 *************** function _global_isr *****************
 Defined at:
		line 21 in file "kernel/interrutps.h"
 Parameters:    Size  Location     Type
		None
 Auto vars:     Size  Location     Type
  i               1   52[COMRAM] unsigned char 
  i               1   45[COMRAM] unsigned char 
  n_context       2   57[COMRAM] PTR struct task_context_
		 -> dispatcher.context(97), idle.context(97), idle(104), dispatcher(317), 
  n_stack         2   55[COMRAM] PTR struct task_context_
		 -> dispatcher.stack(94), idle.stack(94), dispatcher.context.stack(94), idle.context.stack(94), 
		 -> global_isr@n_context(2), 
  n_task          2   48[COMRAM] PTR struct task_s
		 -> dispatcher.tasks(312), idle(104), dispatcher(317), 
  p_context       2   53[COMRAM] PTR struct task_context_
		 -> dispatcher.context(97), idle.context(97), idle(104), dispatcher(317), 
  p_stack         2   50[COMRAM] PTR struct task_context_
		 -> dispatcher.stack(94), idle.stack(94), dispatcher.context.stack(94), idle.context.stack(94), 
		 -> global_isr@p_context(2), 
  p_task          2   46[COMRAM] PTR struct task_s
		 -> dispatcher.tasks(312), idle(104), dispatcher(317), 
 Return value:  Size  Location     Type
                  1    wreg      void 
 Registers used:
		wreg, fsr2l, fsr2h, status,2, status,0, pclat, tosl, prodl, prodh, cstack
 Tracked objects:
		On entry : 
		On exit  : 
		Unchanged: 
 Data sizes:     COMRAM   BANK0   BANK1   BANK2   BANK3   BANK4   BANK5
      Params:         0       0       0       0       0       0       0
      Locals:        14       0       0       0       0       0       0
      Temps:         21       0       0       0       0       0       0
      Totals:        35       0       0       0       0       0       0
Total ram usage:       35 bytes
 Hardware stack levels used:    1
 Hardware stack levels required when called:    4
 This function calls:
		_timer0_isr
 This function is called by:
		Interrupt level 2
 This function uses a non-reentrant model


 *************** function _timer0_isr *****************
 Defined at:
		line 51 in file "kernel/timers.c"
 Parameters:    Size  Location     Type
		None
 Auto vars:     Size  Location     Type
		None
 Return value:  Size  Location     Type
                  1    wreg      void 
 Registers used:
		wreg, fsr2l, fsr2h, status,2, status,0, pclat, tosl, prodl, prodh, cstack
 Tracked objects:
		On entry : 
		On exit  : 
		Unchanged: 
 Data sizes:     COMRAM   BANK0   BANK1   BANK2   BANK3   BANK4   BANK5
      Params:         0       0       0       0       0       0       0
      Locals:         0       0       0       0       0       0       0
      Temps:          0       0       0       0       0       0       0
      Totals:         0       0       0       0       0       0       0
Total ram usage:        0 bytes
 Hardware stack levels used:    1
 Hardware stack levels required when called:    3
 This function calls:
		Absolute function
		_dispatcher_change_context_isr
		i2_timer0_reset
 This function is called by:
		_global_isr
 This function uses a non-reentrant model


 *************** function i2_timer0_reset *****************
 Defined at:
		line 8 in file "kernel/timers.c"
 Parameters:    Size  Location     Type
		None
 Auto vars:     Size  Location     Type
		None
 Return value:  Size  Location     Type
                  1    wreg      void 
 Registers used:
		None
 Tracked objects:
		On entry : 
		On exit  : 
		Unchanged: 
 Data sizes:     COMRAM   BANK0   BANK1   BANK2   BANK3   BANK4   BANK5
      Params:         0       0       0       0       0       0       0
      Locals:         0       0       0       0       0       0       0
      Temps:          0       0       0       0       0       0       0
      Totals:         0       0       0       0       0       0       0
Total ram usage:        0 bytes
 Hardware stack levels used:    1
 This function calls:
		Nothing
 This function is called by:
		_timer0_isr
 This function uses a non-reentrant model


 *************** function _dispatcher_change_context_isr *****************
 Defined at:
		line 48 in file "kernel/dispatcher.c"
 Parameters:    Size  Location     Type
		None
 Auto vars:     Size  Location     Type
  next            2   22[COMRAM] PTR struct task_s
		 -> dispatcher.tasks(312), idle(104), dispatcher(317), 
 Return value:  Size  Location     Type
                  1    wreg      void 
 Registers used:
		wreg, fsr2l, fsr2h, status,2, status,0, pclat, tosl, prodl, prodh, cstack
 Tracked objects:
		On entry : 
		On exit  : 
		Unchanged: 
 Data sizes:     COMRAM   BANK0   BANK1   BANK2   BANK3   BANK4   BANK5
      Params:         0       0       0       0       0       0       0
      Locals:         2       0       0       0       0       0       0
      Temps:          0       0       0       0       0       0       0
      Totals:         2       0       0       0       0       0       0
Total ram usage:        2 bytes
 Hardware stack levels used:    1
 Hardware stack levels required when called:    2
 This function calls:
		_scheduler_round_robin
		_task_running
		i2_task_ready
 This function is called by:
		_dispatcher_start
		_timer0_isr
 This function uses a non-reentrant model


 *************** function i2_task_ready *****************
 Defined at:
		line 24 in file "kernel/task.c"
 Parameters:    Size  Location     Type
  handle          2    0[COMRAM] PTR struct task_s
		 -> dispatcher.tasks(312), idle(104), dispatcher(317), 
 Auto vars:     Size  Location     Type
		None
 Return value:  Size  Location     Type
                  1    wreg      void 
 Registers used:
		wreg, fsr2l, fsr2h, status,2, status,0
 Tracked objects:
		On entry : 
		On exit  : 
		Unchanged: 
 Data sizes:     COMRAM   BANK0   BANK1   BANK2   BANK3   BANK4   BANK5
      Params:         2       0       0       0       0       0       0
      Locals:         0       0       0       0       0       0       0
      Temps:          0       0       0       0       0       0       0
      Totals:         2       0       0       0       0       0       0
Total ram usage:        2 bytes
 Hardware stack levels used:    1
 This function calls:
		Nothing
 This function is called by:
		_dispatcher_change_context_isr
 This function uses a non-reentrant model


 *************** function _task_running *****************
 Defined at:
		line 28 in file "kernel/task.c"
 Parameters:    Size  Location     Type
  handle          2    0[COMRAM] PTR struct task_s
		 -> dispatcher.tasks(312), idle(104), dispatcher(317), 
 Auto vars:     Size  Location     Type
		None
 Return value:  Size  Location     Type
                  1    wreg      void 
 Registers used:
		wreg, fsr2l, fsr2h, status,2, status,0
 Tracked objects:
		On entry : 
		On exit  : 
		Unchanged: 
 Data sizes:     COMRAM   BANK0   BANK1   BANK2   BANK3   BANK4   BANK5
      Params:         2       0       0       0       0       0       0
      Locals:         0       0       0       0       0       0       0
      Temps:          0       0       0       0       0       0       0
      Totals:         2       0       0       0       0       0       0
Total ram usage:        2 bytes
 Hardware stack levels used:    1
 This function calls:
		Nothing
 This function is called by:
		_dispatcher_change_context_isr
 This function uses a non-reentrant model


 *************** function _scheduler_round_robin *****************
 Defined at:
		line 18 in file "kernel/scheduler.c"
 Parameters:    Size  Location     Type
		None
 Auto vars:     Size  Location     Type
  j               2   16[COMRAM] int 
  i               2   18[COMRAM] int 
  i               2   20[COMRAM] int 
  next            2   14[COMRAM] PTR struct task_s
		 -> dispatcher.tasks(312), idle(104), dispatcher(317), 
  offset          2   12[COMRAM] int 
 Return value:  Size  Location     Type
                  2    6[COMRAM] PTR struct task_s
 Registers used:
		wreg, fsr2l, fsr2h, status,2, status,0, prodl, prodh, cstack
 Tracked objects:
		On entry : 
		On exit  : 
		Unchanged: 
 Data sizes:     COMRAM   BANK0   BANK1   BANK2   BANK3   BANK4   BANK5
      Params:         2       0       0       0       0       0       0
      Locals:        10       0       0       0       0       0       0
      Temps:          4       0       0       0       0       0       0
      Totals:        16       0       0       0       0       0       0
Total ram usage:       16 bytes
 Hardware stack levels used:    1
 Hardware stack levels required when called:    1
 This function calls:
		___awmod
		___wmul
 This function is called by:
		_dispatcher_init
		_dispatcher_change_context_isr
 This function uses a non-reentrant model


 *************** function ___wmul *****************
 Defined at:
		line 15 in file "/home/bruno/Programs/microchip/xc8/v1.37/sources/common/Umul16.c"
 Parameters:    Size  Location     Type
  multiplier      2    0[COMRAM] unsigned int 
  multiplicand    2    2[COMRAM] unsigned int 
 Auto vars:     Size  Location     Type
  product         2    4[COMRAM] unsigned int 
 Return value:  Size  Location     Type
                  2    0[COMRAM] unsigned int 
 Registers used:
		wreg, status,2, status,0, prodl, prodh
 Tracked objects:
		On entry : 
		On exit  : 
		Unchanged: 
 Data sizes:     COMRAM   BANK0   BANK1   BANK2   BANK3   BANK4   BANK5
      Params:         4       0       0       0       0       0       0
      Locals:         2       0       0       0       0       0       0
      Temps:          0       0       0       0       0       0       0
      Totals:         6       0       0       0       0       0       0
Total ram usage:        6 bytes
 Hardware stack levels used:    1
 This function calls:
		Nothing
 This function is called by:
		_scheduler_round_robin
 This function uses a non-reentrant model


 *************** function ___awmod *****************
 Defined at:
		line 8 in file "/home/bruno/Programs/microchip/xc8/v1.37/sources/common/awmod.c"
 Parameters:    Size  Location     Type
  dividend        2    0[COMRAM] int 
  divisor         2    2[COMRAM] int 
 Auto vars:     Size  Location     Type
  sign            1    5[COMRAM] unsigned char 
  counter         1    4[COMRAM] unsigned char 
 Return value:  Size  Location     Type
                  2    0[COMRAM] int 
 Registers used:
		wreg, status,2, status,0
 Tracked objects:
		On entry : 
		On exit  : 
		Unchanged: 
 Data sizes:     COMRAM   BANK0   BANK1   BANK2   BANK3   BANK4   BANK5
      Params:         4       0       0       0       0       0       0
      Locals:         2       0       0       0       0       0       0
      Temps:          0       0       0       0       0       0       0
      Totals:         6       0       0       0       0       0       0
Total ram usage:        6 bytes
 Hardware stack levels used:    1
 This function calls:
		Nothing
 This function is called by:
		_scheduler_round_robin
 This function uses a non-reentrant model



MODULE INFORMATION

Module		Function		Class		Link	Load	Size
/home/bruno/Programs/microchip/xc8/v1.37/sources/common/Umul16.c
		___wmul        		CODE           	06FE	0000	39

/home/bruno/Programs/microchip/xc8/v1.37/sources/common/Umul16.c estimated size: 39

kernel/dispatcher.c
		_dispatcher_change_context_isr		CODE           	05AA	0000	71
		_task_idle_callback		CODE           	07CA	0000	5
		_dispatcher_init		CODE           	05F0	0000	69
		_dispatcher_start		CODE           	0748	0000	29
		_dispatcher_add_task		CODE           	06D0	0000	47

kernel/dispatcher.c estimated size: 221

kernel/interrutps.h
		_global_isr    		CODE           	0008	0000	595

kernel/interrutps.h estimated size: 595

shared
		i2_task_ready  		CODE           	0778	0000	19
		__initialization		CODE           	066A	0000	39
		i2_timer0_reset		CODE           	07B6	0000	13

shared estimated size: 71

kernel/timers.c
		_timer0_isr    		CODE           	0724	0000	37
		_timer0_init   		CODE           	069E	0000	51
		_timer0_reset  		CODE           	07AA	0000	13

kernel/timers.c estimated size: 101

/home/bruno/Programs/microchip/xc8/v1.37/sources/common/awmod.c
		___awmod       		CODE           	04A8	0000	113

/home/bruno/Programs/microchip/xc8/v1.37/sources/common/awmod.c estimated size: 113

kernel/task.c
		_task_create   		CODE           	036C	0000	197
		_task_ready    		CODE           	0764	0000	21
		_task_running  		CODE           	078A	0000	19

kernel/task.c estimated size: 237

kernel/scheduler.c
		_scheduler_round_robin		CODE           	025E	0000	271

kernel/scheduler.c estimated size: 271

main.c
		_task_2        		CODE           	0562	0000	73
		_main          		CODE           	0430	0000	121
		_task_3        		CODE           	0518	0000	75
		_task_1        		CODE           	0634	0000	55

main.c estimated size: 324

nojentOS.c
		_nojo_start    		CODE           	07C2	0000	9
		_nojo_init     		CODE           	079C	0000	15

nojentOS.c estimated size: 24

